
> ellie-voice-receptionist-backend@1.0.0 test
> jest

node.exe : ΓùÅ Validation Warning:
At C:\Users\Admin\AppData\Roaming\npm\npm.ps1:24 char:5
+     & "node$exe"  "$basedir/node_modules/npm/bin/npm-cli.js" $args
+     ~~~~~~~~~~~~~~~~~~~~~~~~~~~~~~~~~~~~~~~~~~~~~~~~~~~~~~~~~~~~~~
    + CategoryInfo          : NotSpecified: (ΓùÅ Validation Warning::String) [], RemoteException
    + FullyQualifiedErrorId : NativeCommandError
 

  Unknown option "moduleNameMapping" with value {"^@/(.*)$": "<rootDir>/src/$1"} was found.
  This is probably a typing mistake. Fixing it will remove this message.

  Configuration Documentation:
  https://jestjs.io/docs/configuration

ΓùÅ Validation Warning:

  Unknown option "isolateModules" with value false was found.
  This is probably a typing mistake. Fixing it will remove this message.

  Configuration Documentation:
  https://jestjs.io/docs/configuration

ΓùÅ Validation Warning:

  Unknown option "moduleNameMapping" with value {"^@/(.*)$": "<rootDir>/src/$1"} was found.
  This is probably a typing mistake. Fixing it will remove this message.

  Configuration Documentation:
  https://jestjs.io/docs/configuration

ΓùÅ Validation Warning:

  Unknown option "isolateModules" with value false was found.
  This is probably a typing mistake. Fixing it will remove this message.

  Configuration Documentation:
  https://jestjs.io/docs/configuration

FAIL src/test/voiceRoutes.test.ts
  ΓùÅ Voice Processing API Endpoints ΓÇ║ POST /api/voice/process ΓÇ║ should successfully process voice input with valid audio file





  ΓùÅ Voice Processing API Endpoints ΓÇ║ POST /api/voice/process ΓÇ║ should return error when no audio file is provided





  ΓùÅ Voice Processing API Endpoints ΓÇ║ POST /api/voice/process ΓÇ║ should return error for invalid audio format





  ΓùÅ Voice Processing API Endpoints ΓÇ║ POST /api/voice/process ΓÇ║ should handle speech-to-text processing errors





  ΓùÅ Voice Processing API Endpoints ΓÇ║ POST /api/voice/process ΓÇ║ should handle AI response generation errors





  ΓùÅ Voice Processing API Endpoints ΓÇ║ POST /api/voice/process ΓÇ║ should handle text-to-speech conversion errors





  ΓùÅ Voice Processing API Endpoints ΓÇ║ POST /api/voice/process ΓÇ║ should generate session ID when not provided





  ΓùÅ Voice Processing API Endpoints ΓÇ║ POST /api/voice/process ΓÇ║ should respect voice speed parameter





  ΓùÅ Voice Processing API Endpoints ΓÇ║ POST /api/voice/process ΓÇ║ should handle conversation history in context





  ΓùÅ Voice Processing API Endpoints ΓÇ║ GET /api/voice/synthesize/:text ΓÇ║ should successfully convert text to speech





  ΓùÅ Voice Processing API Endpoints ΓÇ║ GET /api/voice/synthesize/:text ΓÇ║ should handle custom voice parameter





  ΓùÅ Voice Processing API Endpoints ΓÇ║ GET /api/voice/synthesize/:text ΓÇ║ should handle custom speed parameter





  ΓùÅ Voice Processing API Endpoints ΓÇ║ GET /api/voice/synthesize/:text ΓÇ║ should return error for empty text





  ΓùÅ Voice Processing API Endpoints ΓÇ║ GET /api/voice/synthesize/:text ΓÇ║ should return error for text that is too long





  ΓùÅ Voice Processing API Endpoints ΓÇ║ GET /api/voice/synthesize/:text ΓÇ║ should return error for invalid voice parameter





  ΓùÅ Voice Processing API Endpoints ΓÇ║ GET /api/voice/synthesize/:text ΓÇ║ should return error for invalid speed parameter





  ΓùÅ Voice Processing API Endpoints ΓÇ║ GET /api/voice/synthesize/:text ΓÇ║ should handle TTS service errors





  ΓùÅ Voice Processing API Endpoints ΓÇ║ GET /api/voice/synthesize/:text ΓÇ║ should properly decode URL-encoded text





  ΓùÅ Voice Processing API Endpoints ΓÇ║ GET /api/voice/cache-stats ΓÇ║ should return cache statistics





  ΓùÅ Voice Processing API Endpoints ΓÇ║ GET /api/voice/cache-stats ΓÇ║ should handle cache stats errors





  ΓùÅ Voice Processing API Endpoints ΓÇ║ Rate Limiting ΓÇ║ should enforce rate limiting on voice processing endpoint





  ΓùÅ Voice Processing API Endpoints ΓÇ║ Rate Limiting ΓÇ║ should enforce rate limiting on TTS endpoint





FAIL src/test/legalComplianceService.test.ts
  ΓùÅ LegalComplianceService ΓÇ║ analyzeLegalCompliance ΓÇ║ should detect prohibited legal advice patterns

    TypeError: legalComplianceService.analyzeLegalCompliance is not a function

    [0m [90m 35 |[39m       [36mconst[39m userInput [33m=[39m [32m'Can I sue my employer?'[39m[33m;[39m
     [90m 36 |[39m
    [31m[1m>[22m[39m[90m 37 |[39m       [36mconst[39m result [33m=[39m [36mawait[39m 
legalComplianceService[33m.[39manalyzeLegalCompliance(response[33m,[39m userInput[33m,[39m mockContext)[33m;[39m
     [90m    |[39m                                                   [31m[1m^[22m[39m
     [90m 38 |[39m
     [90m 39 |[39m       expect(result[33m.[39misCompliant)[33m.[39mtoBe([36mfalse[39m)[33m;[39m
     [90m 40 |[39m       expect(result[33m.[39mcomplianceIssues)[33m.[39mtoContain([32m'Response contains specific legal advice'[39m)[33m;[39m[0m

      at Object.<anonymous> (src/test/legalComplianceService.test.ts:37:51)

  ΓùÅ LegalComplianceService ΓÇ║ analyzeLegalCompliance ΓÇ║ should identify complex legal matters requiring professional referral

    TypeError: legalComplianceService.analyzeLegalCompliance is not a function

    [0m [90m 45 |[39m       [36mconst[39m userInput [33m=[39m [32m'I need help with a class action lawsuit against my former employer for 
securities fraud.'[39m[33m;[39m
     [90m 46 |[39m
    [31m[1m>[22m[39m[90m 47 |[39m       [36mconst[39m result [33m=[39m [36mawait[39m 
legalComplianceService[33m.[39manalyzeLegalCompliance(response[33m,[39m userInput[33m,[39m mockContext)[33m;[39m
     [90m    |[39m                                                   [31m[1m^[22m[39m
     [90m 48 |[39m
     [90m 49 |[39m       expect(result[33m.[39mrequiresProfessionalReferral)[33m.[39mtoBe([36mtrue[39m)[33m;[39m
     [90m 50 |[39m       expect(result[33m.[39mreferralReason)[33m.[39mtoContain([32m'complex legal matter'[39m)[33m;[39m[0m

      at Object.<anonymous> (src/test/legalComplianceService.test.ts:47:51)

  ΓùÅ LegalComplianceService ΓÇ║ analyzeLegalCompliance ΓÇ║ should detect urgent legal matters

    TypeError: legalComplianceService.analyzeLegalCompliance is not a function

    [0m [90m 55 |[39m       [36mconst[39m userInput [33m=[39m [32m'I need immediate legal help - I was just arrested and need emergency 
representation.'[39m[33m;[39m
     [90m 56 |[39m
    [31m[1m>[22m[39m[90m 57 |[39m       [36mconst[39m result [33m=[39m [36mawait[39m 
legalComplianceService[33m.[39manalyzeLegalCompliance(response[33m,[39m userInput[33m,[39m mockContext)[33m;[39m
     [90m    |[39m                                                   [31m[1m^[22m[39m
     [90m 58 |[39m
     [90m 59 |[39m       expect(result[33m.[39mrequiresProfessionalReferral)[33m.[39mtoBe([36mtrue[39m)[33m;[39m
     [90m 60 |[39m       expect(result[33m.[39mreferralReason)[33m.[39mtoContain([32m'complex legal matter'[39m)[33m;[39m[0m

      at Object.<anonymous> (src/test/legalComplianceService.test.ts:57:51)

  ΓùÅ LegalComplianceService ΓÇ║ analyzeLegalCompliance ΓÇ║ should pass compliant general information responses

    TypeError: legalComplianceService.analyzeLegalCompliance is not a function

    [0m [90m 65 |[39m       [36mconst[39m userInput [33m=[39m [32m'What is a contract?'[39m[33m;[39m
     [90m 66 |[39m
    [31m[1m>[22m[39m[90m 67 |[39m       [36mconst[39m result [33m=[39m [36mawait[39m 
legalComplianceService[33m.[39manalyzeLegalCompliance(response[33m,[39m userInput[33m,[39m mockContext)[33m;[39m
     [90m    |[39m                                                   [31m[1m^[22m[39m
     [90m 68 |[39m
     [90m 69 |[39m       expect(result[33m.[39misCompliant)[33m.[39mtoBe([36mtrue[39m)[33m;[39m
     [90m 70 |[39m       expect(result[33m.[39mrequiresProfessionalReferral)[33m.[39mtoBe([36mfalse[39m)[33m;[39m[0m

      at Object.<anonymous> (src/test/legalComplianceService.test.ts:67:51)

  ΓùÅ LegalComplianceService ΓÇ║ analyzeLegalCompliance ΓÇ║ should detect missing disclaimers in legal responses

    TypeError: legalComplianceService.analyzeLegalCompliance is not a function

    [0m [90m 76 |[39m       [36mconst[39m userInput [33m=[39m [32m'What makes a contract valid?'[39m[33m;[39m
     [90m 77 |[39m
    [31m[1m>[22m[39m[90m 78 |[39m       [36mconst[39m result [33m=[39m [36mawait[39m 
legalComplianceService[33m.[39manalyzeLegalCompliance(response[33m,[39m userInput[33m,[39m mockContext)[33m;[39m
     [90m    |[39m                                                   [31m[1m^[22m[39m
     [90m 79 |[39m
     [90m 80 |[39m       expect(result[33m.[39misCompliant)[33m.[39mtoBe([36mfalse[39m)[33m;[39m
     [90m 81 |[39m       expect(result[33m.[39mcomplianceIssues)[33m.[39mtoContain([32m'Legal response missing appropriate 
disclaimer'[39m)[33m;[39m[0m

      at Object.<anonymous> (src/test/legalComplianceService.test.ts:78:51)

  ΓùÅ LegalComplianceService ΓÇ║ analyzeLegalCompliance ΓÇ║ should analyze conversation complexity for referral recommendations

    TypeError: legalComplianceService.analyzeLegalCompliance is not a function

    [0m [90m 134 |[39m       [36mconst[39m userInput [33m=[39m [32m'I need more help with this litigation matter.'[39m[33m;[39m
     [90m 135 |[39m
    [31m[1m>[22m[39m[90m 136 |[39m       [36mconst[39m result [33m=[39m [36mawait[39m 
legalComplianceService[33m.[39manalyzeLegalCompliance(response[33m,[39m userInput[33m,[39m mockContext)[33m;[39m
     [90m     |[39m                                                   [31m[1m^[22m[39m
     [90m 137 |[39m
     [90m 138 |[39m       expect(result[33m.[39mrequiresProfessionalReferral)[33m.[39mtoBe([36mtrue[39m)[33m;[39m
     [90m 139 |[39m       expect(result[33m.[39mreferralReason)[33m.[39mtoContain([32m'professional guidance'[39m)[33m;[39m[0m

      at Object.<anonymous> (src/test/legalComplianceService.test.ts:136:51)

  ΓùÅ LegalComplianceService ΓÇ║ processProfessionalReferral ΓÇ║ should successfully process valid referral request

    TypeError: legalComplianceService.processProfessionalReferral is not a function

    [0m [90m 154 |[39m       }[33m;[39m
     [90m 155 |[39m
    [31m[1m>[22m[39m[90m 156 |[39m       [36mconst[39m result [33m=[39m [36mawait[39m 
legalComplianceService[33m.[39mprocessProfessionalReferral(validRequest)[33m;[39m
     [90m     |[39m                                                   [31m[1m^[22m[39m
     [90m 157 |[39m
     [90m 158 |[39m       expect(result)[33m.[39mtoBe([36mtrue[39m)[33m;[39m
     [90m 159 |[39m     })[33m;[39m[0m

      at Object.<anonymous> (src/test/legalComplianceService.test.ts:156:51)

  ΓùÅ LegalComplianceService ΓÇ║ generateLegalDisclaimer ΓÇ║ should generate basic disclaimer for non-legal conversations

    TypeError: legalComplianceService.generateLegalDisclaimer is not a function

    [0m [90m 202 |[39m   describe([32m'generateLegalDisclaimer'[39m[33m,[39m () [33m=>[39m {
     [90m 203 |[39m     it([32m'should generate basic disclaimer for non-legal conversations'[39m[33m,[39m () [33m=>[39m {
    [31m[1m>[22m[39m[90m 204 |[39m       [36mconst[39m disclaimer [33m=[39m 
legalComplianceService[33m.[39mgenerateLegalDisclaimer(mockContext)[33m;[39m
     [90m     |[39m                                                 [31m[1m^[22m[39m
     [90m 205 |[39m
     [90m 206 |[39m       expect(disclaimer)[33m.[39mtoContain([32m"I'm Ellie, an AI assistant that provides general information only"[39m)[33m;[39m
     [90m 207 |[39m       expect(disclaimer)[33m.[39mtoContain([32m'cannot give specific legal advice'[39m)[33m;[39m[0m

      at Object.<anonymous> (src/test/legalComplianceService.test.ts:204:49)

  ΓùÅ LegalComplianceService ΓÇ║ generateLegalDisclaimer ΓÇ║ should generate enhanced disclaimer for legal conversations

    TypeError: legalComplianceService.generateLegalDisclaimer is not a function

    [0m [90m 222 |[39m       mockContext[33m.[39mconversationHistory [33m=[39m legalMessages[33m;[39m
     [90m 223 |[39m
    [31m[1m>[22m[39m[90m 224 |[39m       [36mconst[39m disclaimer [33m=[39m 
legalComplianceService[33m.[39mgenerateLegalDisclaimer(mockContext)[33m;[39m
     [90m     |[39m                                                 [31m[1m^[22m[39m
     [90m 225 |[39m
     [90m 226 |[39m       expect(disclaimer)[33m.[39mtoContain([32m'For specific legal advice about your situation'[39m)[33m;[39m
     [90m 227 |[39m       expect(disclaimer)[33m.[39mtoContain([32m'qualified attorneys'[39m)[33m;[39m[0m

      at Object.<anonymous> (src/test/legalComplianceService.test.ts:224:49)

  ΓùÅ LegalComplianceService ΓÇ║ Complex Legal Indicator Detection ΓÇ║ should detect complex legal matter: "I need help with a class action lawsuit"

    TypeError: legalComplianceService.analyzeLegalCompliance is not a function

    [0m [90m 247 |[39m         [36mconst[39m response [33m=[39m [32m'I understand your concern.'[39m[33m;[39m
     [90m 248 |[39m
    [31m[1m>[22m[39m[90m 249 |[39m         [36mconst[39m result [33m=[39m [36mawait[39m 
legalComplianceService[33m.[39manalyzeLegalCompliance(response[33m,[39m query[33m,[39m mockContext)[33m;[39m
     [90m     |[39m                                                     [31m[1m^[22m[39m
     [90m 250 |[39m
     [90m 251 |[39m         expect(result[33m.[39mrequiresProfessionalReferral)[33m.[39mtoBe([36mtrue[39m)[33m;[39m
     [90m 252 |[39m         expect(result[33m.[39mreferralReason)[33m.[39mtoBeDefined()[33m;[39m[0m

      at Object.<anonymous> (src/test/legalComplianceService.test.ts:249:53)

  ΓùÅ LegalComplianceService ΓÇ║ Complex Legal Indicator Detection ΓÇ║ should detect complex legal matter: "My criminal charges include felony fraud"

    TypeError: legalComplianceService.analyzeLegalCompliance is not a function

    [0m [90m 247 |[39m         [36mconst[39m response [33m=[39m [32m'I understand your concern.'[39m[33m;[39m
     [90m 248 |[39m
    [31m[1m>[22m[39m[90m 249 |[39m         [36mconst[39m result [33m=[39m [36mawait[39m 
legalComplianceService[33m.[39manalyzeLegalCompliance(response[33m,[39m query[33m,[39m mockContext)[33m;[39m
     [90m     |[39m                                                     [31m[1m^[22m[39m
     [90m 250 |[39m
     [90m 251 |[39m         expect(result[33m.[39mrequiresProfessionalReferral)[33m.[39mtoBe([36mtrue[39m)[33m;[39m
     [90m 252 |[39m         expect(result[33m.[39mreferralReason)[33m.[39mtoBeDefined()[33m;[39m[0m

      at Object.<anonymous> (src/test/legalComplianceService.test.ts:249:53)

  ΓùÅ LegalComplianceService ΓÇ║ Complex Legal Indicator Detection ΓÇ║ should detect complex legal matter: "I need litigation strategy for my court case"

    TypeError: legalComplianceService.analyzeLegalCompliance is not a function

    [0m [90m 247 |[39m         [36mconst[39m response [33m=[39m [32m'I understand your concern.'[39m[33m;[39m
     [90m 248 |[39m
    [31m[1m>[22m[39m[90m 249 |[39m         [36mconst[39m result [33m=[39m [36mawait[39m 
legalComplianceService[33m.[39manalyzeLegalCompliance(response[33m,[39m query[33m,[39m mockContext)[33m;[39m
     [90m     |[39m                                                     [31m[1m^[22m[39m
     [90m 250 |[39m
     [90m 251 |[39m         expect(result[33m.[39mrequiresProfessionalReferral)[33m.[39mtoBe([36mtrue[39m)[33m;[39m
     [90m 252 |[39m         expect(result[33m.[39mreferralReason)[33m.[39mtoBeDefined()[33m;[39m[0m

      at Object.<anonymous> (src/test/legalComplianceService.test.ts:249:53)

  ΓùÅ LegalComplianceService ΓÇ║ Complex Legal Indicator Detection ΓÇ║ should detect complex legal matter: "Help with securities fraud investigation"

    TypeError: legalComplianceService.analyzeLegalCompliance is not a function

    [0m [90m 247 |[39m         [36mconst[39m response [33m=[39m [32m'I understand your concern.'[39m[33m;[39m
     [90m 248 |[39m
    [31m[1m>[22m[39m[90m 249 |[39m         [36mconst[39m result [33m=[39m [36mawait[39m 
legalComplianceService[33m.[39manalyzeLegalCompliance(response[33m,[39m query[33m,[39m mockContext)[33m;[39m
     [90m     |[39m                                                     [31m[1m^[22m[39m
     [90m 250 |[39m
     [90m 251 |[39m         expect(result[33m.[39mrequiresProfessionalReferral)[33m.[39mtoBe([36mtrue[39m)[33m;[39m
     [90m 252 |[39m         expect(result[33m.[39mreferralReason)[33m.[39mtoBeDefined()[33m;[39m[0m

      at Object.<anonymous> (src/test/legalComplianceService.test.ts:249:53)

  ΓùÅ LegalComplianceService ΓÇ║ Complex Legal Indicator Detection ΓÇ║ should detect complex legal matter: "Constitutional law violation by government"

    TypeError: legalComplianceService.analyzeLegalCompliance is not a function

    [0m [90m 247 |[39m         [36mconst[39m response [33m=[39m [32m'I understand your concern.'[39m[33m;[39m
     [90m 248 |[39m
    [31m[1m>[22m[39m[90m 249 |[39m         [36mconst[39m result [33m=[39m [36mawait[39m 
legalComplianceService[33m.[39manalyzeLegalCompliance(response[33m,[39m query[33m,[39m mockContext)[33m;[39m
     [90m     |[39m                                                     [31m[1m^[22m[39m
     [90m 250 |[39m
     [90m 251 |[39m         expect(result[33m.[39mrequiresProfessionalReferral)[33m.[39mtoBe([36mtrue[39m)[33m;[39m
     [90m 252 |[39m         expect(result[33m.[39mreferralReason)[33m.[39mtoBeDefined()[33m;[39m[0m

      at Object.<anonymous> (src/test/legalComplianceService.test.ts:249:53)

  ΓùÅ LegalComplianceService ΓÇ║ Complex Legal Indicator Detection ΓÇ║ should detect complex legal matter: "Emergency restraining order needed"

    TypeError: legalComplianceService.analyzeLegalCompliance is not a function

    [0m [90m 247 |[39m         [36mconst[39m response [33m=[39m [32m'I understand your concern.'[39m[33m;[39m
     [90m 248 |[39m
    [31m[1m>[22m[39m[90m 249 |[39m         [36mconst[39m result [33m=[39m [36mawait[39m 
legalComplianceService[33m.[39manalyzeLegalCompliance(response[33m,[39m query[33m,[39m mockContext)[33m;[39m
     [90m     |[39m                                                     [31m[1m^[22m[39m
     [90m 250 |[39m
     [90m 251 |[39m         expect(result[33m.[39mrequiresProfessionalReferral)[33m.[39mtoBe([36mtrue[39m)[33m;[39m
     [90m 252 |[39m         expect(result[33m.[39mreferralReason)[33m.[39mtoBeDefined()[33m;[39m[0m

      at Object.<anonymous> (src/test/legalComplianceService.test.ts:249:53)

  ΓùÅ LegalComplianceService ΓÇ║ Complex Legal Indicator Detection ΓÇ║ should detect complex legal matter: "Antitrust violation by competitor"

    TypeError: legalComplianceService.analyzeLegalCompliance is not a function

    [0m [90m 247 |[39m         [36mconst[39m response [33m=[39m [32m'I understand your concern.'[39m[33m;[39m
     [90m 248 |[39m
    [31m[1m>[22m[39m[90m 249 |[39m         [36mconst[39m result [33m=[39m [36mawait[39m 
legalComplianceService[33m.[39manalyzeLegalCompliance(response[33m,[39m query[33m,[39m mockContext)[33m;[39m
     [90m     |[39m                                                     [31m[1m^[22m[39m
     [90m 250 |[39m
     [90m 251 |[39m         expect(result[33m.[39mrequiresProfessionalReferral)[33m.[39mtoBe([36mtrue[39m)[33m;[39m
     [90m 252 |[39m         expect(result[33m.[39mreferralReason)[33m.[39mtoBeDefined()[33m;[39m[0m

      at Object.<anonymous> (src/test/legalComplianceService.test.ts:249:53)

  ΓùÅ LegalComplianceService ΓÇ║ Complex Legal Indicator Detection ΓÇ║ should detect complex legal matter: "Intellectual property dispute resolution"

    TypeError: legalComplianceService.analyzeLegalCompliance is not a function

    [0m [90m 247 |[39m         [36mconst[39m response [33m=[39m [32m'I understand your concern.'[39m[33m;[39m
     [90m 248 |[39m
    [31m[1m>[22m[39m[90m 249 |[39m         [36mconst[39m result [33m=[39m [36mawait[39m 
legalComplianceService[33m.[39manalyzeLegalCompliance(response[33m,[39m query[33m,[39m mockContext)[33m;[39m
     [90m     |[39m                                                     [31m[1m^[22m[39m
     [90m 250 |[39m
     [90m 251 |[39m         expect(result[33m.[39mrequiresProfessionalReferral)[33m.[39mtoBe([36mtrue[39m)[33m;[39m
     [90m 252 |[39m         expect(result[33m.[39mreferralReason)[33m.[39mtoBeDefined()[33m;[39m[0m

      at Object.<anonymous> (src/test/legalComplianceService.test.ts:249:53)

  ΓùÅ LegalComplianceService ΓÇ║ Complex Legal Indicator Detection ΓÇ║ should detect complex legal matter: "Corporate merger legal requirements"

    TypeError: legalComplianceService.analyzeLegalCompliance is not a function

    [0m [90m 247 |[39m         [36mconst[39m response [33m=[39m [32m'I understand your concern.'[39m[33m;[39m
     [90m 248 |[39m
    [31m[1m>[22m[39m[90m 249 |[39m         [36mconst[39m result [33m=[39m [36mawait[39m 
legalComplianceService[33m.[39manalyzeLegalCompliance(response[33m,[39m query[33m,[39m mockContext)[33m;[39m
     [90m     |[39m                                                     [31m[1m^[22m[39m
     [90m 250 |[39m
     [90m 251 |[39m         expect(result[33m.[39mrequiresProfessionalReferral)[33m.[39mtoBe([36mtrue[39m)[33m;[39m
     [90m 252 |[39m         expect(result[33m.[39mreferralReason)[33m.[39mtoBeDefined()[33m;[39m[0m

      at Object.<anonymous> (src/test/legalComplianceService.test.ts:249:53)

  ΓùÅ LegalComplianceService ΓÇ║ Complex Legal Indicator Detection ΓÇ║ should detect complex legal matter: "Professional malpractice claim process"

    TypeError: legalComplianceService.analyzeLegalCompliance is not a function

    [0m [90m 247 |[39m         [36mconst[39m response [33m=[39m [32m'I understand your concern.'[39m[33m;[39m
     [90m 248 |[39m
    [31m[1m>[22m[39m[90m 249 |[39m         [36mconst[39m result [33m=[39m [36mawait[39m 
legalComplianceService[33m.[39manalyzeLegalCompliance(response[33m,[39m query[33m,[39m mockContext)[33m;[39m
     [90m     |[39m                                                     [31m[1m^[22m[39m
     [90m 250 |[39m
     [90m 251 |[39m         expect(result[33m.[39mrequiresProfessionalReferral)[33m.[39mtoBe([36mtrue[39m)[33m;[39m
     [90m 252 |[39m         expect(result[33m.[39mreferralReason)[33m.[39mtoBeDefined()[33m;[39m[0m

      at Object.<anonymous> (src/test/legalComplianceService.test.ts:249:53)

  ΓùÅ LegalComplianceService ΓÇ║ Prohibited Advice Pattern Detection ΓÇ║ should detect prohibited advice: "You should sue them immediately"

    TypeError: legalComplianceService.analyzeLegalCompliance is not a function

    [0m [90m 273 |[39m         [36mconst[39m userInput [33m=[39m [32m'What should I do about my legal problem?'[39m[33m;[39m
     [90m 274 |[39m
    [31m[1m>[22m[39m[90m 275 |[39m         [36mconst[39m result [33m=[39m [36mawait[39m 
legalComplianceService[33m.[39manalyzeLegalCompliance(response[33m,[39m userInput[33m,[39m mockContext)[33m;[39m
     [90m     |[39m                                                     [31m[1m^[22m[39m
     [90m 276 |[39m
     [90m 277 |[39m         expect(result[33m.[39misCompliant)[33m.[39mtoBe([36mfalse[39m)[33m;[39m
     [90m 278 |[39m         expect(result[33m.[39misCompliant)[33m.[39mtoBe([36mfalse[39m)[33m;[39m[0m

      at Object.<anonymous> (src/test/legalComplianceService.test.ts:275:53)

  ΓùÅ LegalComplianceService ΓÇ║ Prohibited Advice Pattern Detection ΓÇ║ should detect prohibited advice: "I recommend filing a lawsuit"

    TypeError: legalComplianceService.analyzeLegalCompliance is not a function

    [0m [90m 273 |[39m         [36mconst[39m userInput [33m=[39m [32m'What should I do about my legal problem?'[39m[33m;[39m
     [90m 274 |[39m
    [31m[1m>[22m[39m[90m 275 |[39m         [36mconst[39m result [33m=[39m [36mawait[39m 
legalComplianceService[33m.[39manalyzeLegalCompliance(response[33m,[39m userInput[33m,[39m mockContext)[33m;[39m
     [90m     |[39m                                                     [31m[1m^[22m[39m
     [90m 276 |[39m
     [90m 277 |[39m         expect(result[33m.[39misCompliant)[33m.[39mtoBe([36mfalse[39m)[33m;[39m
     [90m 278 |[39m         expect(result[33m.[39misCompliant)[33m.[39mtoBe([36mfalse[39m)[33m;[39m[0m

      at Object.<anonymous> (src/test/legalComplianceService.test.ts:275:53)

  ΓùÅ LegalComplianceService ΓÇ║ Prohibited Advice Pattern Detection ΓÇ║ should detect prohibited advice: "You have a strong case and will win"

    TypeError: legalComplianceService.analyzeLegalCompliance is not a function

    [0m [90m 273 |[39m         [36mconst[39m userInput [33m=[39m [32m'What should I do about my legal problem?'[39m[33m;[39m
     [90m 274 |[39m
    [31m[1m>[22m[39m[90m 275 |[39m         [36mconst[39m result [33m=[39m [36mawait[39m 
legalComplianceService[33m.[39manalyzeLegalCompliance(response[33m,[39m userInput[33m,[39m mockContext)[33m;[39m
     [90m     |[39m                                                     [31m[1m^[22m[39m
     [90m 276 |[39m
     [90m 277 |[39m         expect(result[33m.[39misCompliant)[33m.[39mtoBe([36mfalse[39m)[33m;[39m
     [90m 278 |[39m         expect(result[33m.[39misCompliant)[33m.[39mtoBe([36mfalse[39m)[33m;[39m[0m

      at Object.<anonymous> (src/test/legalComplianceService.test.ts:275:53)

  ΓùÅ LegalComplianceService ΓÇ║ Prohibited Advice Pattern Detection ΓÇ║ should detect prohibited advice: "You will definitely lose in court"

    TypeError: legalComplianceService.analyzeLegalCompliance is not a function

    [0m [90m 273 |[39m         [36mconst[39m userInput [33m=[39m [32m'What should I do about my legal problem?'[39m[33m;[39m
     [90m 274 |[39m
    [31m[1m>[22m[39m[90m 275 |[39m         [36mconst[39m result [33m=[39m [36mawait[39m 
legalComplianceService[33m.[39manalyzeLegalCompliance(response[33m,[39m userInput[33m,[39m mockContext)[33m;[39m
     [90m     |[39m                                                     [31m[1m^[22m[39m
     [90m 276 |[39m
     [90m 277 |[39m         expect(result[33m.[39misCompliant)[33m.[39mtoBe([36mfalse[39m)[33m;[39m
     [90m 278 |[39m         expect(result[33m.[39misCompliant)[33m.[39mtoBe([36mfalse[39m)[33m;[39m[0m

      at Object.<anonymous> (src/test/legalComplianceService.test.ts:275:53)

  ΓùÅ LegalComplianceService ΓÇ║ Prohibited Advice Pattern Detection ΓÇ║ should detect prohibited advice: "The statute of limitations has expired"

    TypeError: legalComplianceService.analyzeLegalCompliance is not a function

    [0m [90m 273 |[39m         [36mconst[39m userInput [33m=[39m [32m'What should I do about my legal problem?'[39m[33m;[39m
     [90m 274 |[39m
    [31m[1m>[22m[39m[90m 275 |[39m         [36mconst[39m result [33m=[39m [36mawait[39m 
legalComplianceService[33m.[39manalyzeLegalCompliance(response[33m,[39m userInput[33m,[39m mockContext)[33m;[39m
     [90m     |[39m                                                     [31m[1m^[22m[39m
     [90m 276 |[39m
     [90m 277 |[39m         expect(result[33m.[39misCompliant)[33m.[39mtoBe([36mfalse[39m)[33m;[39m
     [90m 278 |[39m         expect(result[33m.[39misCompliant)[33m.[39mtoBe([36mfalse[39m)[33m;[39m[0m

      at Object.<anonymous> (src/test/legalComplianceService.test.ts:275:53)

  ΓùÅ LegalComplianceService ΓÇ║ Prohibited Advice Pattern Detection ΓÇ║ should detect prohibited advice: "You are liable for these damages"

    TypeError: legalComplianceService.analyzeLegalCompliance is not a function

    [0m [90m 273 |[39m         [36mconst[39m userInput [33m=[39m [32m'What should I do about my legal problem?'[39m[33m;[39m
     [90m 274 |[39m
    [31m[1m>[22m[39m[90m 275 |[39m         [36mconst[39m result [33m=[39m [36mawait[39m 
legalComplianceService[33m.[39manalyzeLegalCompliance(response[33m,[39m userInput[33m,[39m mockContext)[33m;[39m
     [90m     |[39m                                                     [31m[1m^[22m[39m
     [90m 276 |[39m
     [90m 277 |[39m         expect(result[33m.[39misCompliant)[33m.[39mtoBe([36mfalse[39m)[33m;[39m
     [90m 278 |[39m         expect(result[33m.[39misCompliant)[33m.[39mtoBe([36mfalse[39m)[33m;[39m[0m

      at Object.<anonymous> (src/test/legalComplianceService.test.ts:275:53)

  ΓùÅ LegalComplianceService ΓÇ║ Prohibited Advice Pattern Detection ΓÇ║ should detect prohibited advice: "This is definitely illegal activity"

    TypeError: legalComplianceService.analyzeLegalCompliance is not a function

    [0m [90m 273 |[39m         [36mconst[39m userInput [33m=[39m [32m'What should I do about my legal problem?'[39m[33m;[39m
     [90m 274 |[39m
    [31m[1m>[22m[39m[90m 275 |[39m         [36mconst[39m result [33m=[39m [36mawait[39m 
legalComplianceService[33m.[39manalyzeLegalCompliance(response[33m,[39m userInput[33m,[39m mockContext)[33m;[39m
     [90m     |[39m                                                     [31m[1m^[22m[39m
     [90m 276 |[39m
     [90m 277 |[39m         expect(result[33m.[39misCompliant)[33m.[39mtoBe([36mfalse[39m)[33m;[39m
     [90m 278 |[39m         expect(result[33m.[39misCompliant)[33m.[39mtoBe([36mfalse[39m)[33m;[39m[0m

      at Object.<anonymous> (src/test/legalComplianceService.test.ts:275:53)

  ΓùÅ LegalComplianceService ΓÇ║ Prohibited Advice Pattern Detection ΓÇ║ should detect prohibited advice: "You should plead guilty"

    TypeError: legalComplianceService.analyzeLegalCompliance is not a function

    [0m [90m 273 |[39m         [36mconst[39m userInput [33m=[39m [32m'What should I do about my legal problem?'[39m[33m;[39m
     [90m 274 |[39m
    [31m[1m>[22m[39m[90m 275 |[39m         [36mconst[39m result [33m=[39m [36mawait[39m 
legalComplianceService[33m.[39manalyzeLegalCompliance(response[33m,[39m userInput[33m,[39m mockContext)[33m;[39m
     [90m     |[39m                                                     [31m[1m^[22m[39m
     [90m 276 |[39m
     [90m 277 |[39m         expect(result[33m.[39misCompliant)[33m.[39mtoBe([36mfalse[39m)[33m;[39m
     [90m 278 |[39m         expect(result[33m.[39misCompliant)[33m.[39mtoBe([36mfalse[39m)[33m;[39m[0m

      at Object.<anonymous> (src/test/legalComplianceService.test.ts:275:53)

  ΓùÅ LegalComplianceService ΓÇ║ Prohibited Advice Pattern Detection ΓÇ║ should detect prohibited advice: "Don't sign that contract"

    TypeError: legalComplianceService.analyzeLegalCompliance is not a function

    [0m [90m 273 |[39m         [36mconst[39m userInput [33m=[39m [32m'What should I do about my legal problem?'[39m[33m;[39m
     [90m 274 |[39m
    [31m[1m>[22m[39m[90m 275 |[39m         [36mconst[39m result [33m=[39m [36mawait[39m 
legalComplianceService[33m.[39manalyzeLegalCompliance(response[33m,[39m userInput[33m,[39m mockContext)[33m;[39m
     [90m     |[39m                                                     [31m[1m^[22m[39m
     [90m 276 |[39m
     [90m 277 |[39m         expect(result[33m.[39misCompliant)[33m.[39mtoBe([36mfalse[39m)[33m;[39m
     [90m 278 |[39m         expect(result[33m.[39misCompliant)[33m.[39mtoBe([36mfalse[39m)[33m;[39m[0m

      at Object.<anonymous> (src/test/legalComplianceService.test.ts:275:53)

  ΓùÅ LegalComplianceService ΓÇ║ Prohibited Advice Pattern Detection ΓÇ║ should detect prohibited advice: "You can expect to recover damages"

    TypeError: legalComplianceService.analyzeLegalCompliance is not a function

    [0m [90m 273 |[39m         [36mconst[39m userInput [33m=[39m [32m'What should I do about my legal problem?'[39m[33m;[39m
     [90m 274 |[39m
    [31m[1m>[22m[39m[90m 275 |[39m         [36mconst[39m result [33m=[39m [36mawait[39m 
legalComplianceService[33m.[39manalyzeLegalCompliance(response[33m,[39m userInput[33m,[39m mockContext)[33m;[39m
     [90m     |[39m                                                     [31m[1m^[22m[39m
     [90m 276 |[39m
     [90m 277 |[39m         expect(result[33m.[39misCompliant)[33m.[39mtoBe([36mfalse[39m)[33m;[39m
     [90m 278 |[39m         expect(result[33m.[39misCompliant)[33m.[39mtoBe([36mfalse[39m)[33m;[39m[0m

      at Object.<anonymous> (src/test/legalComplianceService.test.ts:275:53)

  ΓùÅ LegalComplianceService ΓÇ║ Appropriate Legal Responses ΓÇ║ should approve appropriate response: "I can provide general information about contract 
l..."

    TypeError: legalComplianceService.analyzeLegalCompliance is not a function

    [0m [90m 295 |[39m         [36mconst[39m userInput [33m=[39m [32m'I have a legal question'[39m[33m;[39m
     [90m 296 |[39m
    [31m[1m>[22m[39m[90m 297 |[39m         [36mconst[39m result [33m=[39m [36mawait[39m 
legalComplianceService[33m.[39manalyzeLegalCompliance(response[33m,[39m userInput[33m,[39m mockContext)[33m;[39m
     [90m     |[39m                                                     [31m[1m^[22m[39m
     [90m 298 |[39m
     [90m 299 |[39m         [90m// For the urgent matter response, we expect it to require professional referral but still be compliant[39m
     [90m 300 |[39m         [36mif[39m (index [33m===[39m [35m4[39m) { [90m// "This appears to be an urgent legal matter..."[39m[0m

      at Object.<anonymous> (src/test/legalComplianceService.test.ts:297:53)

  ΓùÅ LegalComplianceService ΓÇ║ Appropriate Legal Responses ΓÇ║ should approve appropriate response: "This sounds like a complex matter that would 
benef..."

    TypeError: legalComplianceService.analyzeLegalCompliance is not a function

    [0m [90m 295 |[39m         [36mconst[39m userInput [33m=[39m [32m'I have a legal question'[39m[33m;[39m
     [90m 296 |[39m
    [31m[1m>[22m[39m[90m 297 |[39m         [36mconst[39m result [33m=[39m [36mawait[39m 
legalComplianceService[33m.[39manalyzeLegalCompliance(response[33m,[39m userInput[33m,[39m mockContext)[33m;[39m
     [90m     |[39m                                                     [31m[1m^[22m[39m
     [90m 298 |[39m
     [90m 299 |[39m         [90m// For the urgent matter response, we expect it to require professional referral but still be compliant[39m
     [90m 300 |[39m         [36mif[39m (index [33m===[39m [35m4[39m) { [90m// "This appears to be an urgent legal matter..."[39m[0m

      at Object.<anonymous> (src/test/legalComplianceService.test.ts:297:53)

  ΓùÅ LegalComplianceService ΓÇ║ Appropriate Legal Responses ΓÇ║ should approve appropriate response: "For matters requiring specific legal advice, I 
rec..."

    TypeError: legalComplianceService.analyzeLegalCompliance is not a function

    [0m [90m 295 |[39m         [36mconst[39m userInput [33m=[39m [32m'I have a legal question'[39m[33m;[39m
     [90m 296 |[39m
    [31m[1m>[22m[39m[90m 297 |[39m         [36mconst[39m result [33m=[39m [36mawait[39m 
legalComplianceService[33m.[39manalyzeLegalCompliance(response[33m,[39m userInput[33m,[39m mockContext)[33m;[39m
     [90m     |[39m                                                     [31m[1m^[22m[39m
     [90m 298 |[39m
     [90m 299 |[39m         [90m// For the urgent matter response, we expect it to require professional referral but still be compliant[39m
     [90m 300 |[39m         [36mif[39m (index [33m===[39m [35m4[39m) { [90m// "This appears to be an urgent legal matter..."[39m[0m

      at Object.<anonymous> (src/test/legalComplianceService.test.ts:297:53)

  ΓùÅ LegalComplianceService ΓÇ║ Appropriate Legal Responses ΓÇ║ should approve appropriate response: "I provide general information only and cannot 
give..."

    TypeError: legalComplianceService.analyzeLegalCompliance is not a function

    [0m [90m 295 |[39m         [36mconst[39m userInput [33m=[39m [32m'I have a legal question'[39m[33m;[39m
     [90m 296 |[39m
    [31m[1m>[22m[39m[90m 297 |[39m         [36mconst[39m result [33m=[39m [36mawait[39m 
legalComplianceService[33m.[39manalyzeLegalCompliance(response[33m,[39m userInput[33m,[39m mockContext)[33m;[39m
     [90m     |[39m                                                     [31m[1m^[22m[39m
     [90m 298 |[39m
     [90m 299 |[39m         [90m// For the urgent matter response, we expect it to require professional referral but still be compliant[39m
     [90m 300 |[39m         [36mif[39m (index [33m===[39m [35m4[39m) { [90m// "This appears to be an urgent legal matter..."[39m[0m

      at Object.<anonymous> (src/test/legalComplianceService.test.ts:297:53)

  ΓùÅ LegalComplianceService ΓÇ║ Appropriate Legal Responses ΓÇ║ should approve appropriate response: "This appears to be an urgent legal matter. I 
recom..."

    TypeError: legalComplianceService.analyzeLegalCompliance is not a function

    [0m [90m 295 |[39m         [36mconst[39m userInput [33m=[39m [32m'I have a legal question'[39m[33m;[39m
     [90m 296 |[39m
    [31m[1m>[22m[39m[90m 297 |[39m         [36mconst[39m result [33m=[39m [36mawait[39m 
legalComplianceService[33m.[39manalyzeLegalCompliance(response[33m,[39m userInput[33m,[39m mockContext)[33m;[39m
     [90m     |[39m                                                     [31m[1m^[22m[39m
     [90m 298 |[39m
     [90m 299 |[39m         [90m// For the urgent matter response, we expect it to require professional referral but still be compliant[39m
     [90m 300 |[39m         [36mif[39m (index [33m===[39m [35m4[39m) { [90m// "This appears to be an urgent legal matter..."[39m[0m

      at Object.<anonymous> (src/test/legalComplianceService.test.ts:297:53)

FAIL src/test/aiResponseService.test.ts
  ΓùÅ Console

    console.log
      Service instance: MockAIResponseService {
        generateResponse: [Function: mockConstructor] {
          _isMockFunction: true,
          getMockImplementation: [Function (anonymous)],
          mock: [Getter/Setter],
          mockClear: [Function (anonymous)],
          mockReset: [Function (anonymous)],
          mockRestore: [Function (anonymous)],
          mockReturnValueOnce: [Function (anonymous)],
          mockResolvedValueOnce: [Function (anonymous)],
          mockRejectedValueOnce: [Function (anonymous)],
          mockReturnValue: [Function (anonymous)],
          mockResolvedValue: [Function (anonymous)],
          mockRejectedValue: [Function (anonymous)],
          mockImplementationOnce: [Function (anonymous)],
          withImplementation: [Function: bound withImplementation],
          mockImplementation: [Function (anonymous)],
          mockReturnThis: [Function (anonymous)],
          mockName: [Function (anonymous)],
          getMockName: [Function (anonymous)]
        },
        routeToOptimalAPI: [Function: mockConstructor] {
          _isMockFunction: true,
          getMockImplementation: [Function (anonymous)],
          mock: [Getter/Setter],
          mockClear: [Function (anonymous)],
          mockReset: [Function (anonymous)],
          mockRestore: [Function (anonymous)],
          mockReturnValueOnce: [Function (anonymous)],
          mockResolvedValueOnce: [Function (anonymous)],
          mockRejectedValueOnce: [Function (anonymous)],
          mockReturnValue: [Function (anonymous)],
          mockResolvedValue: [Function (anonymous)],
          mockRejectedValue: [Function (anonymous)],
          mockImplementationOnce: [Function (anonymous)],
          withImplementation: [Function: bound withImplementation],
          mockImplementation: [Function (anonymous)],
          mockReturnThis: [Function (anonymous)],
          mockName: [Function (anonymous)],
          getMockName: [Function (anonymous)]
        },
        processWithGroq: [Function: mockConstructor] {
          _isMockFunction: true,
          getMockImplementation: [Function (anonymous)],
          mock: [Getter/Setter],
          mockClear: [Function (anonymous)],
          mockReset: [Function (anonymous)],
          mockRestore: [Function (anonymous)],
          mockReturnValueOnce: [Function (anonymous)],
          mockResolvedValueOnce: [Function (anonymous)],
          mockRejectedValueOnce: [Function (anonymous)],
          mockReturnValue: [Function (anonymous)],
          mockResolvedValue: [Function (anonymous)],
          mockRejectedValue: [Function (anonymous)],
          mockImplementationOnce: [Function (anonymous)],
          withImplementation: [Function: bound withImplementation],
          mockImplementation: [Function (anonymous)],
          mockReturnThis: [Function (anonymous)],
          mockName: [Function (anonymous)],
          getMockName: [Function (anonymous)]
        },
        processWithOpenAI: [Function: mockConstructor] {
          _isMockFunction: true,
          getMockImplementation: [Function (anonymous)],
          mock: [Getter/Setter],
          mockClear: [Function (anonymous)],
          mockReset: [Function (anonymous)],
          mockRestore: [Function (anonymous)],
          mockReturnValueOnce: [Function (anonymous)],
          mockResolvedValueOnce: [Function (anonymous)],
          mockRejectedValueOnce: [Function (anonymous)],
          mockReturnValue: [Function (anonymous)],
          mockResolvedValue: [Function (anonymous)],
          mockRejectedValue: [Function (anonymous)],
          mockImplementationOnce: [Function (anonymous)],
          withImplementation: [Function: bound withImplementation],
          mockImplementation: [Function (anonymous)],
          mockReturnThis: [Function (anonymous)],
          mockName: [Function (anonymous)],
          getMockName: [Function (anonymous)]
        },
        validateLegalCompliance: [Function: mockConstructor] {
          _isMockFunction: true,
          getMockImplementation: [Function (anonymous)],
          mock: [Getter/Setter],
          mockClear: [Function (anonymous)],
          mockReset: [Function (anonymous)],
          mockRestore: [Function (anonymous)],
          mockReturnValueOnce: [Function (anonymous)],
          mockResolvedValueOnce: [Function (anonymous)],
          mockRejectedValueOnce: [Function (anonymous)],
          mockReturnValue: [Function (anonymous)],
          mockResolvedValue: [Function (anonymous)],
          mockRejectedValue: [Function (anonymous)],
          mockImplementationOnce: [Function (anonymous)],
          withImplementation: [Function: bound withImplementation],
          mockImplementation: [Function (anonymous)],
          mockReturnThis: [Function (anonymous)],
          mockName: [Function (anonymous)],
          getMockName: [Function (anonymous)]
        },
        handleFallbackResponses: [Function: mockConstructor] {
          _isMockFunction: true,
          getMockImplementation: [Function (anonymous)],
          mock: [Getter/Setter],
          mockClear: [Function (anonymous)],
          mockReset: [Function (anonymous)],
          mockRestore: [Function (anonymous)],
          mockReturnValueOnce: [Function (anonymous)],
          mockResolvedValueOnce: [Function (anonymous)],
          mockRejectedValueOnce: [Function (anonymous)],
          mockReturnValue: [Function (anonymous)],
          mockResolvedValue: [Function (anonymous)],
          mockRejectedValue: [Function (anonymous)],
          mockImplementationOnce: [Function (anonymous)],
          withImplementation: [Function: bound withImplementation],
          mockImplementation: [Function (anonymous)],
          mockReturnThis: [Function (anonymous)],
          mockName: [Function (anonymous)],
          getMockName: [Function (anonymous)]
        }
      }

      at console.log (src/test/setup.ts:97:12)

    console.log
      Service methods: [ 'constructor' ]

      at console.log (src/test/setup.ts:97:12)

    console.log
      routeToOptimalAPI method: function

      at console.log (src/test/setup.ts:97:12)

  ΓùÅ AIResponseService ΓÇ║ constructor ΓÇ║ should throw error if OPENAI_API_KEY is not set in production

    expect(received).toThrow(expected)

    Expected substring: "OPENAI_API_KEY environment variable is required"

    Received function did not throw

    [0m [90m 100 |[39m       process[33m.[39menv[33m.[39m[33mNODE_ENV[39m [33m=[39m [32m'production'[39m[33m;[39m
     [90m 101 |[39m       
    [31m[1m>[22m[39m[90m 102 |[39m       expect(() [33m=>[39m [36mnew[39m [33mAIResponseService[39m())[33m.[39mtoThrow([32m'OPENAI_API_KEY 
environment variable is required'[39m)[33m;[39m
     [90m     |[39m                                             [31m[1m^[22m[39m
     [90m 103 |[39m       
     [90m 104 |[39m       [90m// Restore the key and environment[39m
     [90m 105 |[39m       process[33m.[39menv[33m.[39m[33mOPENAI_API_KEY[39m [33m=[39m originalKey[33m;[39m[0m

      at Object.<anonymous> (src/test/aiResponseService.test.ts:102:45)

  ΓùÅ AIResponseService ΓÇ║ constructor ΓÇ║ should throw error if GROQ_API_KEY is not set in production

    expect(received).toThrow(expected)

    Expected substring: "GROQ_API_KEY environment variable is required"

    Received function did not throw

    [0m [90m 114 |[39m       process[33m.[39menv[33m.[39m[33mNODE_ENV[39m [33m=[39m [32m'production'[39m[33m;[39m
     [90m 115 |[39m       
    [31m[1m>[22m[39m[90m 116 |[39m       expect(() [33m=>[39m [36mnew[39m [33mAIResponseService[39m())[33m.[39mtoThrow([32m'GROQ_API_KEY 
environment variable is required'[39m)[33m;[39m
     [90m     |[39m                                             [31m[1m^[22m[39m
     [90m 117 |[39m       
     [90m 118 |[39m       [90m// Restore the key and environment[39m
     [90m 119 |[39m       process[33m.[39menv[33m.[39m[33mGROQ_API_KEY[39m [33m=[39m originalKey[33m;[39m[0m

      at Object.<anonymous> (src/test/aiResponseService.test.ts:116:45)

  ΓùÅ AIResponseService ΓÇ║ constructor ΓÇ║ should initialize both OpenAI and Groq clients in test environment

    expect(jest.fn()).toHaveBeenCalledWith(...expected)

    Expected: {"apiKey": Any<String>}

    Number of calls: 0

    [0m [90m 132 |[39m       [36mnew[39m [33mAIResponseService[39m()[33m;[39m
     [90m 133 |[39m       
    [31m[1m>[22m[39m[90m 134 |[39m       expect([33mOpenAI[39m)[33m.[39mtoHaveBeenCalledWith({
     [90m     |[39m                      [31m[1m^[22m[39m
     [90m 135 |[39m         apiKey[33m:[39m expect[33m.[39many([33mString[39m)
     [90m 136 |[39m       })[33m;[39m
     [90m 137 |[39m       expect([33mGroq[39m)[33m.[39mtoHaveBeenCalledWith({[0m

      at Object.<anonymous> (src/test/aiResponseService.test.ts:134:22)

  ΓùÅ AIResponseService ΓÇ║ routeToOptimalAPI ΓÇ║ should route complex queries to OpenAI

    expect(received).toBe(expected) // Object.is equality

    Expected: "openai"
    Received: undefined

    [0m [90m 156 |[39m       [36mconst[39m complexQuery [33m=[39m [32m'I need help with a complex litigation strategy involving multiple 
parties'[39m[33m;[39m
     [90m 157 |[39m       [36mconst[39m result [33m=[39m service[33m.[39mrouteToOptimalAPI(complexQuery[33m,[39m 
[33mQueryComplexity[39m[33m.[39m[33mCOMPLEX[39m)[33m;[39m
    [31m[1m>[22m[39m[90m 158 |[39m       expect(result)[33m.[39mtoBe([32m'openai'[39m)[33m;[39m
     [90m     |[39m                      [31m[1m^[22m[39m
     [90m 159 |[39m     })[33m;[39m
     [90m 160 |[39m
     [90m 161 |[39m     it([32m'should route simple queries to Groq'[39m[33m,[39m () [33m=>[39m {[0m

      at Object.<anonymous> (src/test/aiResponseService.test.ts:158:22)

  ΓùÅ AIResponseService ΓÇ║ routeToOptimalAPI ΓÇ║ should route simple queries to Groq

    expect(received).toBe(expected) // Object.is equality

    Expected: "groq"
    Received: undefined

    [0m [90m 162 |[39m       [36mconst[39m simpleQuery [33m=[39m [32m'Hello, how are you?'[39m[33m;[39m
     [90m 163 |[39m       [36mconst[39m result [33m=[39m service[33m.[39mrouteToOptimalAPI(simpleQuery[33m,[39m 
[33mQueryComplexity[39m[33m.[39m[33mSIMPLE[39m)[33m;[39m
    [31m[1m>[22m[39m[90m 164 |[39m       expect(result)[33m.[39mtoBe([32m'groq'[39m)[33m;[39m
     [90m     |[39m                      [31m[1m^[22m[39m
     [90m 165 |[39m     })[33m;[39m
     [90m 166 |[39m
     [90m 167 |[39m     it([32m'should route legal keyword queries to OpenAI for better accuracy'[39m[33m,[39m () [33m=>[39m {[0m

      at Object.<anonymous> (src/test/aiResponseService.test.ts:164:22)

  ΓùÅ AIResponseService ΓÇ║ routeToOptimalAPI ΓÇ║ should route legal keyword queries to OpenAI for better accuracy

    expect(received).toBe(expected) // Object.is equality

    Expected: "openai"
    Received: undefined

    [0m [90m 168 |[39m       [36mconst[39m legalQuery [33m=[39m [32m'What should I know about intellectual property contracts and trademark 
violations in my business?'[39m[33m;[39m
     [90m 169 |[39m       [36mconst[39m result [33m=[39m service[33m.[39mrouteToOptimalAPI(legalQuery[33m,[39m 
[33mQueryComplexity[39m[33m.[39m[33mMODERATE[39m)[33m;[39m
    [31m[1m>[22m[39m[90m 170 |[39m       expect(result)[33m.[39mtoBe([32m'openai'[39m)[33m;[39m
     [90m     |[39m                      [31m[1m^[22m[39m
     [90m 171 |[39m     })[33m;[39m
     [90m 172 |[39m
     [90m 173 |[39m     it([32m'should route moderate queries without legal keywords to Groq'[39m[33m,[39m () [33m=>[39m {[0m

      at Object.<anonymous> (src/test/aiResponseService.test.ts:170:22)

  ΓùÅ AIResponseService ΓÇ║ routeToOptimalAPI ΓÇ║ should route moderate queries without legal keywords to Groq

    expect(received).toBe(expected) // Object.is equality

    Expected: "groq"
    Received: undefined

    [0m [90m 174 |[39m       [36mconst[39m moderateQuery [33m=[39m [32m'Can you tell me about your services and how you can help 
me?'[39m[33m;[39m
     [90m 175 |[39m       [36mconst[39m result [33m=[39m service[33m.[39mrouteToOptimalAPI(moderateQuery[33m,[39m 
[33mQueryComplexity[39m[33m.[39m[33mMODERATE[39m)[33m;[39m
    [31m[1m>[22m[39m[90m 176 |[39m       expect(result)[33m.[39mtoBe([32m'groq'[39m)[33m;[39m
     [90m     |[39m                      [31m[1m^[22m[39m
     [90m 177 |[39m     })[33m;[39m
     [90m 178 |[39m   })[33m;[39m
     [90m 179 |[39m[0m

      at Object.<anonymous> (src/test/aiResponseService.test.ts:176:22)

  ΓùÅ AIResponseService ΓÇ║ generateResponse ΓÇ║ should reject empty input

    expect(received).rejects.toMatchObject()

    Matcher error: received value must be a promise or a function returning a promise

    Received has value: undefined

    [0m [90m 182 |[39m       [36mawait[39m expect(service[33m.[39mgenerateResponse([32m''[39m[33m,[39m mockContext))
     [90m 183 |[39m         [33m.[39mrejects
    [31m[1m>[22m[39m[90m 184 |[39m         [33m.[39mtoMatchObject({
     [90m     |[39m          [31m[1m^[22m[39m
     [90m 185 |[39m           error[33m:[39m {
     [90m 186 |[39m             code[33m:[39m [33mERROR_CODES[39m[33m.[39m[33mINVALID_INPUT[39m[33m,[39m
     [90m 187 |[39m             message[33m:[39m [32m'User input is required for AI response generation.'[39m[0m

      at Object.toMatchObject (node_modules/expect/build/index.js:204:13)
      at Object.<anonymous> (src/test/aiResponseService.test.ts:184:10)

  ΓùÅ AIResponseService ΓÇ║ generateResponse ΓÇ║ should reject inappropriate content

    expect(received).rejects.toMatchObject()

    Matcher error: received value must be a promise or a function returning a promise

    Received has value: undefined

    [0m [90m 195 |[39m       [36mawait[39m expect(service[33m.[39mgenerateResponse(inappropriateInput[33m,[39m mockContext))
     [90m 196 |[39m         [33m.[39mrejects
    [31m[1m>[22m[39m[90m 197 |[39m         [33m.[39mtoMatchObject({
     [90m     |[39m          [31m[1m^[22m[39m
     [90m 198 |[39m           error[33m:[39m {
     [90m 199 |[39m             code[33m:[39m [33mERROR_CODES[39m[33m.[39m[33mINAPPROPRIATE_CONTENT[39m[33m,[39m
     [90m 200 |[39m             message[33m:[39m [32m'Content not appropriate for this service. Please modify your message.'[39m[0m

      at Object.toMatchObject (node_modules/expect/build/index.js:204:13)
      at Object.<anonymous> (src/test/aiResponseService.test.ts:197:10)

  ΓùÅ AIResponseService ΓÇ║ generateResponse ΓÇ║ should generate response using Groq for simple queries

    expect(received).toBe(expected) // Object.is equality

    Expected: "Hello! I'm Ellie, how can I help you today?"
    Received: undefined

    [0m [90m 215 |[39m       [36mconst[39m result [33m=[39m [36mawait[39m service[33m.[39mgenerateResponse([32m'Hello'[39m[33m,[39m 
mockContext)[33m;[39m
     [90m 216 |[39m
    [31m[1m>[22m[39m[90m 217 |[39m       expect(result)[33m.[39mtoBe([32m'Hello! I\'m Ellie, how can I help you today?'[39m)[33m;[39m
     [90m     |[39m                      [31m[1m^[22m[39m
     [90m 218 |[39m       expect(mockGroq[33m.[39mchat[33m.[39mcompletions[33m.[39mcreate)[33m.[39mtoHaveBeenCalledWith({
     [90m 219 |[39m         messages[33m:[39m expect[33m.[39marrayContaining([
     [90m 220 |[39m           expect[33m.[39mobjectContaining({ role[33m:[39m [32m'system'[39m })[33m,[39m[0m

      at Object.<anonymous> (src/test/aiResponseService.test.ts:217:22)

  ΓùÅ AIResponseService ΓÇ║ generateResponse ΓÇ║ should generate response using OpenAI for complex queries

    expect(received).toContain(expected) // indexOf

    Matcher error: received value must not be null nor undefined

    Received has value: undefined

    [0m [90m 242 |[39m       [36mconst[39m result [33m=[39m [36mawait[39m service[33m.[39mgenerateResponse(complexQuery[33m,[39m 
mockContext)[33m;[39m
     [90m 243 |[39m
    [31m[1m>[22m[39m[90m 244 |[39m       expect(result)[33m.[39mtoContain([32m'complex legal matter'[39m)[33m;[39m
     [90m     |[39m                      [31m[1m^[22m[39m
     [90m 245 |[39m       expect(mockOpenAI[33m.[39mchat[33m.[39mcompletions[33m.[39mcreate)[33m.[39mtoHaveBeenCalledWith({
     [90m 246 |[39m         messages[33m:[39m expect[33m.[39marrayContaining([
     [90m 247 |[39m           expect[33m.[39mobjectContaining({ role[33m:[39m [32m'system'[39m })[33m,[39m[0m

      at Object.<anonymous> (src/test/aiResponseService.test.ts:244:22)

  ΓùÅ AIResponseService ΓÇ║ generateResponse ΓÇ║ should return fallback response on API errors

    expect(received).toBe(expected) // Object.is equality

    Expected: "string"
    Received: "undefined"

    [0m [90m 263 |[39m
     [90m 264 |[39m       [90m// Should return one of the fallback messages[39m
    [31m[1m>[22m[39m[90m 265 |[39m       expect([36mtypeof[39m result)[33m.[39mtoBe([32m'string'[39m)[33m;[39m
     [90m     |[39m                             [31m[1m^[22m[39m
     [90m 266 |[39m       expect(result[33m.[39mlength)[33m.[39mtoBeGreaterThan([35m50[39m)[33m;[39m
     [90m 267 |[39m       expect(result)[33m.[39mtoMatch([35m/technical|service|office/i[39m)[33m;[39m
     [90m 268 |[39m     })[33m;[39m[0m

      at Object.<anonymous> (src/test/aiResponseService.test.ts:265:29)

  ΓùÅ AIResponseService ΓÇ║ processWithGroq ΓÇ║ should successfully process with Groq API

    expect(received).toBe(expected) // Object.is equality

    Expected: "Response from Groq API"
    Received: undefined

    [0m [90m 282 |[39m       [36mconst[39m result [33m=[39m [36mawait[39m service[33m.[39mprocessWithGroq([32m'Test input'[39m[33m,[39m 
mockContext)[33m;[39m
     [90m 283 |[39m
    [31m[1m>[22m[39m[90m 284 |[39m       expect(result)[33m.[39mtoBe([32m'Response from Groq API'[39m)[33m;[39m
     [90m     |[39m                      [31m[1m^[22m[39m
     [90m 285 |[39m       expect(mockGroq[33m.[39mchat[33m.[39mcompletions[33m.[39mcreate)[33m.[39mtoHaveBeenCalled()[33m;[39m
     [90m 286 |[39m     })[33m;[39m
     [90m 287 |[39m[0m

      at Object.<anonymous> (src/test/aiResponseService.test.ts:284:22)

  ΓùÅ AIResponseService ΓÇ║ processWithGroq ΓÇ║ should handle Groq API errors

    expect(received).rejects.toMatchObject()

    Matcher error: received value must be a promise or a function returning a promise

    Received has value: undefined

    [0m [90m 292 |[39m       [36mawait[39m expect(service[33m.[39mprocessWithGroq([32m'Test input'[39m[33m,[39m mockContext))
     [90m 293 |[39m         [33m.[39mrejects
    [31m[1m>[22m[39m[90m 294 |[39m         [33m.[39mtoMatchObject({
     [90m     |[39m          [31m[1m^[22m[39m
     [90m 295 |[39m           error[33m:[39m expect[33m.[39mobjectContaining({
     [90m 296 |[39m             code[33m:[39m expect[33m.[39many([33mString[39m)[33m,[39m
     [90m 297 |[39m             message[33m:[39m expect[33m.[39many([33mString[39m)[0m

      at Object.toMatchObject (node_modules/expect/build/index.js:204:13)
      at Object.<anonymous> (src/test/aiResponseService.test.ts:294:10)

  ΓùÅ AIResponseService ΓÇ║ processWithGroq ΓÇ║ should handle empty response from Groq

    expect(received).rejects.toMatchObject()

    Matcher error: received value must be a promise or a function returning a promise

    Received has value: undefined

    [0m [90m 312 |[39m       [36mawait[39m expect(service[33m.[39mprocessWithGroq([32m'Test input'[39m[33m,[39m mockContext))
     [90m 313 |[39m         [33m.[39mrejects
    [31m[1m>[22m[39m[90m 314 |[39m         [33m.[39mtoMatchObject({
     [90m     |[39m          [31m[1m^[22m[39m
     [90m 315 |[39m           error[33m:[39m expect[33m.[39mobjectContaining({
     [90m 316 |[39m             code[33m:[39m expect[33m.[39many([33mString[39m)[33m,[39m
     [90m 317 |[39m             message[33m:[39m expect[33m.[39many([33mString[39m)[0m

      at Object.toMatchObject (node_modules/expect/build/index.js:204:13)
      at Object.<anonymous> (src/test/aiResponseService.test.ts:314:10)

  ΓùÅ AIResponseService ΓÇ║ processWithOpenAI ΓÇ║ should successfully process with OpenAI API

    expect(received).toBe(expected) // Object.is equality

    Expected: "Response from OpenAI API"
    Received: undefined

    [0m [90m 334 |[39m       [36mconst[39m result [33m=[39m [36mawait[39m service[33m.[39mprocessWithOpenAI([32m'Test input'[39m[33m,[39m 
mockContext)[33m;[39m
     [90m 335 |[39m
    [31m[1m>[22m[39m[90m 336 |[39m       expect(result)[33m.[39mtoBe([32m'Response from OpenAI API'[39m)[33m;[39m
     [90m     |[39m                      [31m[1m^[22m[39m
     [90m 337 |[39m       expect(mockOpenAI[33m.[39mchat[33m.[39mcompletions[33m.[39mcreate)[33m.[39mtoHaveBeenCalled()[33m;[39m
     [90m 338 |[39m     })[33m;[39m
     [90m 339 |[39m[0m

      at Object.<anonymous> (src/test/aiResponseService.test.ts:336:22)

  ΓùÅ AIResponseService ΓÇ║ processWithOpenAI ΓÇ║ should handle OpenAI API errors

    expect(received).rejects.toMatchObject()

    Matcher error: received value must be a promise or a function returning a promise

    Received has value: undefined

    [0m [90m 344 |[39m       [36mawait[39m expect(service[33m.[39mprocessWithOpenAI([32m'Test input'[39m[33m,[39m mockContext))
     [90m 345 |[39m         [33m.[39mrejects
    [31m[1m>[22m[39m[90m 346 |[39m         [33m.[39mtoMatchObject({
     [90m     |[39m          [31m[1m^[22m[39m
     [90m 347 |[39m           error[33m:[39m expect[33m.[39mobjectContaining({
     [90m 348 |[39m             code[33m:[39m expect[33m.[39many([33mString[39m)[33m,[39m
     [90m 349 |[39m             message[33m:[39m expect[33m.[39many([33mString[39m)[0m

      at Object.toMatchObject (node_modules/expect/build/index.js:204:13)
      at Object.<anonymous> (src/test/aiResponseService.test.ts:346:10)

  ΓùÅ AIResponseService ΓÇ║ processWithOpenAI ΓÇ║ should handle empty response from OpenAI

    expect(received).rejects.toMatchObject()

    Matcher error: received value must be a promise or a function returning a promise

    Received has value: undefined

    [0m [90m 364 |[39m       [36mawait[39m expect(service[33m.[39mprocessWithOpenAI([32m'Test input'[39m[33m,[39m mockContext))
     [90m 365 |[39m         [33m.[39mrejects
    [31m[1m>[22m[39m[90m 366 |[39m         [33m.[39mtoMatchObject({
     [90m     |[39m          [31m[1m^[22m[39m
     [90m 367 |[39m           error[33m:[39m expect[33m.[39mobjectContaining({
     [90m 368 |[39m             code[33m:[39m expect[33m.[39many([33mString[39m)[33m,[39m
     [90m 369 |[39m             message[33m:[39m expect[33m.[39many([33mString[39m)[0m

      at Object.toMatchObject (node_modules/expect/build/index.js:204:13)
      at Object.<anonymous> (src/test/aiResponseService.test.ts:366:10)

  ΓùÅ AIResponseService ΓÇ║ validateLegalCompliance ΓÇ║ should reject responses with prohibited legal advice

    expect(received).toBe(expected) // Object.is equality

    Expected: false
    Received: undefined

    [0m [90m 377 |[39m       [36mconst[39m prohibitedResponse [33m=[39m [32m'You should sue them immediately and you will win in 
court.'[39m[33m;[39m
     [90m 378 |[39m       [36mconst[39m result [33m=[39m [36mawait[39m service[33m.[39mvalidateLegalCompliance(prohibitedResponse)[33m;[39m
    [31m[1m>[22m[39m[90m 379 |[39m       expect(result)[33m.[39mtoBe([36mfalse[39m)[33m;[39m
     [90m     |[39m                      [31m[1m^[22m[39m
     [90m 380 |[39m     })[33m;[39m
     [90m 381 |[39m
     [90m 382 |[39m     it([32m'should accept compliant general information responses'[39m[33m,[39m [36masync[39m () [33m=>[39m {[0m

      at Object.<anonymous> (src/test/aiResponseService.test.ts:379:22)

  ΓùÅ AIResponseService ΓÇ║ validateLegalCompliance ΓÇ║ should accept compliant general information responses

    expect(received).toBe(expected) // Object.is equality

    Expected: true
    Received: undefined

    [0m [90m 383 |[39m       [36mconst[39m compliantResponse [33m=[39m [32m'This is general information about contract law. For specific legal 
advice, please consult with an attorney.'[39m[33m;[39m
     [90m 384 |[39m       [36mconst[39m result [33m=[39m [36mawait[39m service[33m.[39mvalidateLegalCompliance(compliantResponse)[33m;[39m
    [31m[1m>[22m[39m[90m 385 |[39m       expect(result)[33m.[39mtoBe([36mtrue[39m)[33m;[39m
     [90m     |[39m                      [31m[1m^[22m[39m
     [90m 386 |[39m     })[33m;[39m
     [90m 387 |[39m
     [90m 388 |[39m     it([32m'should reject legal topic responses without proper disclaimers'[39m[33m,[39m [36masync[39m () [33m=>[39m {[0m

      at Object.<anonymous> (src/test/aiResponseService.test.ts:385:22)

  ΓùÅ AIResponseService ΓÇ║ validateLegalCompliance ΓÇ║ should reject legal topic responses without proper disclaimers

    expect(received).toBe(expected) // Object.is equality

    Expected: false
    Received: undefined

    [0m [90m 389 |[39m       [36mconst[39m nonCompliantResponse [33m=[39m [32m'You have specific legal advice regarding your contract 
situation.'[39m[33m;[39m
     [90m 390 |[39m       [36mconst[39m result [33m=[39m [36mawait[39m service[33m.[39mvalidateLegalCompliance(nonCompliantResponse)[33m;[39m
    [31m[1m>[22m[39m[90m 391 |[39m       expect(result)[33m.[39mtoBe([36mfalse[39m)[33m;[39m
     [90m     |[39m                      [31m[1m^[22m[39m
     [90m 392 |[39m     })[33m;[39m
     [90m 393 |[39m
     [90m 394 |[39m     it([32m'should accept non-legal responses'[39m[33m,[39m [36masync[39m () [33m=>[39m {[0m

      at Object.<anonymous> (src/test/aiResponseService.test.ts:391:22)

  ΓùÅ AIResponseService ΓÇ║ validateLegalCompliance ΓÇ║ should accept non-legal responses

    expect(received).toBe(expected) // Object.is equality

    Expected: true
    Received: undefined

    [0m [90m 395 |[39m       [36mconst[39m generalResponse [33m=[39m [32m'Hello! How can I help you today?'[39m[33m;[39m
     [90m 396 |[39m       [36mconst[39m result [33m=[39m [36mawait[39m service[33m.[39mvalidateLegalCompliance(generalResponse)[33m;[39m
    [31m[1m>[22m[39m[90m 397 |[39m       expect(result)[33m.[39mtoBe([36mtrue[39m)[33m;[39m
     [90m     |[39m                      [31m[1m^[22m[39m
     [90m 398 |[39m     })[33m;[39m
     [90m 399 |[39m   })[33m;[39m
     [90m 400 |[39m[0m

      at Object.<anonymous> (src/test/aiResponseService.test.ts:397:22)

  ΓùÅ AIResponseService ΓÇ║ handleFallbackResponses ΓÇ║ should return appropriate fallback message

    expect(received).toBe(expected) // Object.is equality

    Expected: "string"
    Received: "undefined"

    [0m [90m 405 |[39m       
     [90m 406 |[39m       [90m// Should return one of the fallback messages[39m
    [31m[1m>[22m[39m[90m 407 |[39m       expect([36mtypeof[39m result)[33m.[39mtoBe([32m'string'[39m)[33m;[39m
     [90m     |[39m                             [31m[1m^[22m[39m
     [90m 408 |[39m       expect(result[33m.[39mlength)[33m.[39mtoBeGreaterThan([35m50[39m)[33m;[39m
     [90m 409 |[39m       expect(result)[33m.[39mtoMatch([35m/technical|service|office/i[39m)[33m;[39m
     [90m 410 |[39m     })[33m;[39m[0m

      at Object.<anonymous> (src/test/aiResponseService.test.ts:407:29)

  ΓùÅ AIResponseService ΓÇ║ query complexity analysis ΓÇ║ should identify simple queries correctly

    expect(jest.fn()).toHaveBeenCalled()

    Expected number of calls: >= 1
    Received number of calls:    0

    [0m [90m 438 |[39m         
     [90m 439 |[39m         [90m// Should use Groq for simple queries[39m
    [31m[1m>[22m[39m[90m 440 |[39m         
expect(mockGroq[33m.[39mchat[33m.[39mcompletions[33m.[39mcreate)[33m.[39mtoHaveBeenCalled()[33m;[39m
     [90m     |[39m                                                  [31m[1m^[22m[39m
     [90m 441 |[39m         jest[33m.[39mclearAllMocks()[33m;[39m
     [90m 442 |[39m       }
     [90m 443 |[39m     })[33m;[39m[0m

      at Object.<anonymous> (src/test/aiResponseService.test.ts:440:50)

  ΓùÅ AIResponseService ΓÇ║ query complexity analysis ΓÇ║ should identify complex queries correctly

    expect(jest.fn()).toHaveBeenCalled()

    Expected number of calls: >= 1
    Received number of calls:    0

    [0m [90m 463 |[39m         
     [90m 464 |[39m         [90m// Should use OpenAI for complex queries[39m
    [31m[1m>[22m[39m[90m 465 |[39m         
expect(mockOpenAI[33m.[39mchat[33m.[39mcompletions[33m.[39mcreate)[33m.[39mtoHaveBeenCalled()[33m;[39m
     [90m     |[39m                                                    [31m[1m^[22m[39m
     [90m 466 |[39m         jest[33m.[39mclearAllMocks()[33m;[39m
     [90m 467 |[39m       }
     [90m 468 |[39m     })[33m;[39m[0m

      at Object.<anonymous> (src/test/aiResponseService.test.ts:465:52)

  ΓùÅ AIResponseService ΓÇ║ conversation context handling ΓÇ║ should include conversation history in API calls

    expect(jest.fn()).toHaveBeenCalledWith(...expected)

    Expected: ObjectContaining {"messages": ArrayContaining [ObjectContaining {"content": "Previous user message", "role": "user"}, ObjectContaining 
{"content": "Previous assistant response", "role": "assistant"}, ObjectContaining {"content": "Current message", "role": "user"}]}

    Number of calls: 0

    [0m [90m 502 |[39m       [36mawait[39m service[33m.[39mgenerateResponse([32m'Current message'[39m[33m,[39m contextWithHistory)[33m;[39m
     [90m 503 |[39m
    [31m[1m>[22m[39m[90m 504 |[39m       expect(mockGroq[33m.[39mchat[33m.[39mcompletions[33m.[39mcreate)[33m.[39mtoHaveBeenCalledWith(
     [90m     |[39m                                                [31m[1m^[22m[39m
     [90m 505 |[39m         expect[33m.[39mobjectContaining({
     [90m 506 |[39m           messages[33m:[39m expect[33m.[39marrayContaining([
     [90m 507 |[39m             expect[33m.[39mobjectContaining({ role[33m:[39m [32m'user'[39m[33m,[39m content[33m:[39m [32m'Previous user 
message'[39m })[33m,[39m[0m

      at Object.<anonymous> (src/test/aiResponseService.test.ts:504:48)

FAIL src/test/voiceProcessingService.test.ts
  ΓùÅ VoiceProcessingService ΓÇ║ constructor ΓÇ║ should throw error if OPENAI_API_KEY is not set

    expect(received).toThrow(expected)

    Expected substring: "OPENAI_API_KEY environment variable is required"

    Received function did not throw

    [0m [90m 48 |[39m     it([32m'should throw error if OPENAI_API_KEY is not set'[39m[33m,[39m () [33m=>[39m {
     [90m 49 |[39m       [36mdelete[39m process[33m.[39menv[33m.[39m[33mOPENAI_API_KEY[39m[33m;[39m
    [31m[1m>[22m[39m[90m 50 |[39m       expect(() [33m=>[39m [36mnew[39m 
[33mVoiceProcessingService[39m())[33m.[39mtoThrow([32m'OPENAI_API_KEY environment variable is required'[39m)[33m;[39m
     [90m    |[39m                                                  [31m[1m^[22m[39m
     [90m 51 |[39m     })[33m;[39m
     [90m 52 |[39m
     [90m 53 |[39m     it([32m'should initialize OpenAI client with API key'[39m[33m,[39m () [33m=>[39m {[0m

      at Object.<anonymous> (src/test/voiceProcessingService.test.ts:50:50)

  ΓùÅ VoiceProcessingService ΓÇ║ constructor ΓÇ║ should initialize OpenAI client with API key

    expect(jest.fn()).toHaveBeenCalledWith(...expected)

    Expected: {"apiKey": "test-api-key"}

    Number of calls: 0

    [0m [90m 53 |[39m     it([32m'should initialize OpenAI client with API key'[39m[33m,[39m () [33m=>[39m {
     [90m 54 |[39m       [36mconst[39m [33mOpenAI[39m [33m=[39m require([32m'openai'[39m)[33m;[39m
    [31m[1m>[22m[39m[90m 55 |[39m       expect([33mOpenAI[39m)[33m.[39mtoHaveBeenCalledWith({
     [90m    |[39m                      [31m[1m^[22m[39m
     [90m 56 |[39m         apiKey[33m:[39m [32m'test-api-key'[39m
     [90m 57 |[39m       })[33m;[39m
     [90m 58 |[39m     })[33m;[39m[0m

      at Object.<anonymous> (src/test/voiceProcessingService.test.ts:55:22)

  ΓùÅ VoiceProcessingService ΓÇ║ validateAudioFormat ΓÇ║ should return false for null/undefined file

    expect(received).toBe(expected) // Object.is equality

    Expected: false
    Received: undefined

    [0m [90m 61 |[39m   describe([32m'validateAudioFormat'[39m[33m,[39m () [33m=>[39m {
     [90m 62 |[39m     it([32m'should return false for null/undefined file'[39m[33m,[39m () [33m=>[39m {
    [31m[1m>[22m[39m[90m 63 |[39m       expect(service[33m.[39mvalidateAudioFormat([36mnull[39m [36mas[39m 
any))[33m.[39mtoBe([36mfalse[39m)[33m;[39m
     [90m    |[39m                                                        [31m[1m^[22m[39m
     [90m 64 |[39m       expect(service[33m.[39mvalidateAudioFormat(undefined [36mas[39m any))[33m.[39mtoBe([36mfalse[39m)[33m;[39m
     [90m 65 |[39m     })[33m;[39m
     [90m 66 |[39m[0m

      at Object.<anonymous> (src/test/voiceProcessingService.test.ts:63:56)

  ΓùÅ VoiceProcessingService ΓÇ║ validateAudioFormat ΓÇ║ should return false for files exceeding size limit

    expect(received).toBe(expected) // Object.is equality

    Expected: false
    Received: undefined

    [0m [90m 72 |[39m       } [36mas[39m [33mExpress[39m[33m.[39m[33mMulter[39m[33m.[39m[33mFile[39m[33m;[39m
     [90m 73 |[39m
    [31m[1m>[22m[39m[90m 74 |[39m       expect(service[33m.[39mvalidateAudioFormat(largeFile))[33m.[39mtoBe([36mfalse[39m)[33m;[39m
     [90m    |[39m                                                      [31m[1m^[22m[39m
     [90m 75 |[39m     })[33m;[39m
     [90m 76 |[39m
     [90m 77 |[39m     it([32m'should return false for unsupported MIME types'[39m[33m,[39m () [33m=>[39m {[0m

      at Object.<anonymous> (src/test/voiceProcessingService.test.ts:74:54)

  ΓùÅ VoiceProcessingService ΓÇ║ validateAudioFormat ΓÇ║ should return false for unsupported MIME types

    expect(received).toBe(expected) // Object.is equality

    Expected: false
    Received: undefined

    [0m [90m 82 |[39m       } [36mas[39m [33mExpress[39m[33m.[39m[33mMulter[39m[33m.[39m[33mFile[39m[33m;[39m
     [90m 83 |[39m
    [31m[1m>[22m[39m[90m 84 |[39m       expect(service[33m.[39mvalidateAudioFormat(invalidFile))[33m.[39mtoBe([36mfalse[39m)[33m;[39m
     [90m    |[39m                                                        [31m[1m^[22m[39m
     [90m 85 |[39m     })[33m;[39m
     [90m 86 |[39m
     [90m 87 |[39m     it([32m'should return true for valid audio files'[39m[33m,[39m () [33m=>[39m {[0m

      at Object.<anonymous> (src/test/voiceProcessingService.test.ts:84:56)

  ΓùÅ VoiceProcessingService ΓÇ║ validateAudioFormat ΓÇ║ should return true for valid audio files

    expect(received).toBe(expected) // Object.is equality

    Expected: true
    Received: undefined

    [0m [90m  95 |[39m
     [90m  96 |[39m       validFiles[33m.[39mforEach(file [33m=>[39m {
    [31m[1m>[22m[39m[90m  97 |[39m         expect(service[33m.[39mvalidateAudioFormat(file [36mas[39m 
[33mExpress[39m[33m.[39m[33mMulter[39m[33m.[39m[33mFile[39m))[33m.[39mtoBe([36mtrue[39m)[33m;[39m
     [90m     |[39m                                                                          [31m[1m^[22m[39m
     [90m  98 |[39m       })[33m;[39m
     [90m  99 |[39m     })[33m;[39m
     [90m 100 |[39m[0m

      at src/test/voiceProcessingService.test.ts:97:74
          at Array.forEach (<anonymous>)
      at Object.<anonymous> (src/test/voiceProcessingService.test.ts:96:18)

  ΓùÅ VoiceProcessingService ΓÇ║ validateAudioFormat ΓÇ║ should return false for unsupported file extensions

    expect(received).toBe(expected) // Object.is equality

    Expected: false
    Received: undefined

    [0m [90m 106 |[39m       } [36mas[39m [33mExpress[39m[33m.[39m[33mMulter[39m[33m.[39m[33mFile[39m[33m;[39m
     [90m 107 |[39m
    [31m[1m>[22m[39m[90m 108 |[39m       
expect(service[33m.[39mvalidateAudioFormat(invalidExtensionFile))[33m.[39mtoBe([36mfalse[39m)[33m;[39m
     [90m     |[39m                                                                 [31m[1m^[22m[39m
     [90m 109 |[39m     })[33m;[39m
     [90m 110 |[39m   })[33m;[39m
     [90m 111 |[39m[0m

      at Object.<anonymous> (src/test/voiceProcessingService.test.ts:108:65)

  ΓùÅ VoiceProcessingService ΓÇ║ processAudioInput ΓÇ║ should successfully transcribe audio

    expect(received).toBe(expected) // Object.is equality

    Expected: "Hello, this is a test transcription."
    Received: undefined

    [0m [90m 119 |[39m       [36mconst[39m result [33m=[39m [36mawait[39m service[33m.[39mprocessAudioInput(mockAudioBuffer[33m,[39m 
[32m'test.mp3'[39m)[33m;[39m
     [90m 120 |[39m
    [31m[1m>[22m[39m[90m 121 |[39m       expect(result)[33m.[39mtoBe(expectedTranscription)[33m;[39m
     [90m     |[39m                      [31m[1m^[22m[39m
     [90m 122 |[39m       expect(mockOpenAI[33m.[39maudio[33m.[39mtranscriptions[33m.[39mcreate)[33m.[39mtoHaveBeenCalledWith({
     [90m 123 |[39m         file[33m:[39m expect[33m.[39many([33mFile[39m)[33m,[39m
     [90m 124 |[39m         model[33m:[39m [32m'whisper-1'[39m[33m,[39m[0m

      at Object.<anonymous> (src/test/voiceProcessingService.test.ts:121:22)

  ΓùÅ VoiceProcessingService ΓÇ║ processAudioInput ΓÇ║ should handle rate limit errors

    expect(received).rejects.toMatchObject()

    Matcher error: received value must be a promise or a function returning a promise

    Received has value: undefined

    [0m [90m 134 |[39m       [36mawait[39m expect(service[33m.[39mprocessAudioInput(mockAudioBuffer))
     [90m 135 |[39m         [33m.[39mrejects
    [31m[1m>[22m[39m[90m 136 |[39m         [33m.[39mtoMatchObject({
     [90m     |[39m          [31m[1m^[22m[39m
     [90m 137 |[39m           error[33m:[39m {
     [90m 138 |[39m             code[33m:[39m [33mERROR_CODES[39m[33m.[39m[33mRATE_LIMIT_EXCEEDED[39m[33m,[39m
     [90m 139 |[39m             message[33m:[39m [32m'Speech-to-text service rate limit exceeded. Please try again later.'[39m[0m

      at Object.toMatchObject (node_modules/expect/build/index.js:204:13)
      at Object.<anonymous> (src/test/voiceProcessingService.test.ts:136:10)

  ΓùÅ VoiceProcessingService ΓÇ║ processAudioInput ΓÇ║ should handle invalid file format errors

    expect(received).rejects.toMatchObject()

    Matcher error: received value must be a promise or a function returning a promise

    Received has value: undefined

    [0m [90m 148 |[39m       [36mawait[39m expect(service[33m.[39mprocessAudioInput(mockAudioBuffer))
     [90m 149 |[39m         [33m.[39mrejects
    [31m[1m>[22m[39m[90m 150 |[39m         [33m.[39mtoMatchObject({
     [90m     |[39m          [31m[1m^[22m[39m
     [90m 151 |[39m           error[33m:[39m {
     [90m 152 |[39m             code[33m:[39m [33mERROR_CODES[39m[33m.[39m[33mINVALID_AUDIO_FORMAT[39m[33m,[39m
     [90m 153 |[39m             message[33m:[39m [32m'Invalid audio format. Please use MP3, WAV, or M4A format.'[39m[0m

      at Object.toMatchObject (node_modules/expect/build/index.js:204:13)
      at Object.<anonymous> (src/test/voiceProcessingService.test.ts:150:10)

  ΓùÅ VoiceProcessingService ΓÇ║ processAudioInput ΓÇ║ should handle file too large errors

    expect(received).rejects.toMatchObject()

    Matcher error: received value must be a promise or a function returning a promise

    Received has value: undefined

    [0m [90m 162 |[39m       [36mawait[39m expect(service[33m.[39mprocessAudioInput(mockAudioBuffer))
     [90m 163 |[39m         [33m.[39mrejects
    [31m[1m>[22m[39m[90m 164 |[39m         [33m.[39mtoMatchObject({
     [90m     |[39m          [31m[1m^[22m[39m
     [90m 165 |[39m           error[33m:[39m {
     [90m 166 |[39m             code[33m:[39m [33mERROR_CODES[39m[33m.[39m[33mAUDIO_TOO_LARGE[39m[33m,[39m
     [90m 167 |[39m             message[33m:[39m [32m'Audio file is too large. Maximum size is 25MB.'[39m[0m

      at Object.toMatchObject (node_modules/expect/build/index.js:204:13)
      at Object.<anonymous> (src/test/voiceProcessingService.test.ts:164:10)

  ΓùÅ VoiceProcessingService ΓÇ║ processAudioInput ΓÇ║ should handle generic processing errors

    expect(received).rejects.toMatchObject()

    Matcher error: received value must be a promise or a function returning a promise

    Received has value: undefined

    [0m [90m 176 |[39m       [36mawait[39m expect(service[33m.[39mprocessAudioInput(mockAudioBuffer))
     [90m 177 |[39m         [33m.[39mrejects
    [31m[1m>[22m[39m[90m 178 |[39m         [33m.[39mtoMatchObject({
     [90m     |[39m          [31m[1m^[22m[39m
     [90m 179 |[39m           error[33m:[39m {
     [90m 180 |[39m             code[33m:[39m [33mERROR_CODES[39m[33m.[39m[33mAUDIO_PROCESSING_FAILED[39m[33m,[39m
     [90m 181 |[39m             message[33m:[39m [32m'Failed to process audio input. Please try again.'[39m[0m

      at Object.toMatchObject (node_modules/expect/build/index.js:204:13)
      at Object.<anonymous> (src/test/voiceProcessingService.test.ts:178:10)

  ΓùÅ VoiceProcessingService ΓÇ║ processAudioInput ΓÇ║ should trim whitespace from transcription

    expect(received).toBe(expected) // Object.is equality

    Expected: "Hello world"
    Received: undefined

    [0m [90m 190 |[39m       [36mconst[39m result [33m=[39m [36mawait[39m service[33m.[39mprocessAudioInput(mockAudioBuffer)[33m;[39m
     [90m 191 |[39m
    [31m[1m>[22m[39m[90m 192 |[39m       expect(result)[33m.[39mtoBe([32m'Hello world'[39m)[33m;[39m
     [90m     |[39m                      [31m[1m^[22m[39m
     [90m 193 |[39m     })[33m;[39m
     [90m 194 |[39m   })[33m;[39m
     [90m 195 |[39m[0m

      at Object.<anonymous> (src/test/voiceProcessingService.test.ts:192:22)

  ΓùÅ VoiceProcessingService ΓÇ║ createAudioInput ΓÇ║ should create AudioInput object from Multer file

    expect(received).toEqual(expected) // deep equality

    Expected: {"buffer": {"data": [116, 101, 115, 116, 32, 97, 117, 100, 105, 111], "type": "Buffer"}, "duration": 0, "format": "audio/mpeg", "sampleRate": 
0}
    Received: undefined

    [0m [90m 205 |[39m       [36mconst[39m audioInput [33m=[39m service[33m.[39mcreateAudioInput(mockFile)[33m;[39m
     [90m 206 |[39m
    [31m[1m>[22m[39m[90m 207 |[39m       expect(audioInput)[33m.[39mtoEqual({
     [90m     |[39m                          [31m[1m^[22m[39m
     [90m 208 |[39m         buffer[33m:[39m mockFile[33m.[39mbuffer[33m,[39m
     [90m 209 |[39m         format[33m:[39m mockFile[33m.[39mmimetype[33m,[39m
     [90m 210 |[39m         duration[33m:[39m [35m0[39m[33m,[39m[0m

      at Object.<anonymous> (src/test/voiceProcessingService.test.ts:207:26)

  ΓùÅ VoiceProcessingService ΓÇ║ convertTextToSpeech ΓÇ║ should successfully convert text to speech

    expect(received).toEqual(expected) // deep equality

    Expected: {"data": [109, 111, 99, 107, 32, 97, 117, 100, 105, 111, ΓÇª], "type": "Buffer"}
    Received: undefined

    [0m [90m 234 |[39m       [36mconst[39m result [33m=[39m [36mawait[39m service[33m.[39mconvertTextToSpeech([32m'Hello world'[39m)[33m;[39m
     [90m 235 |[39m
    [31m[1m>[22m[39m[90m 236 |[39m       expect(result)[33m.[39mtoEqual(mockAudioBuffer)[33m;[39m
     [90m     |[39m                      [31m[1m^[22m[39m
     [90m 237 |[39m       expect(mockOpenAI[33m.[39maudio[33m.[39mspeech[33m.[39mcreate)[33m.[39mtoHaveBeenCalledWith({
     [90m 238 |[39m         model[33m:[39m [32m'tts-1'[39m[33m,[39m
     [90m 239 |[39m         voice[33m:[39m [32m'alloy'[39m[33m,[39m[0m

      at Object.<anonymous> (src/test/voiceProcessingService.test.ts:236:22)

  ΓùÅ VoiceProcessingService ΓÇ║ convertTextToSpeech ΓÇ║ should handle custom voice and speed parameters

    expect(jest.fn()).toHaveBeenCalledWith(...expected)

    Expected: {"input": "Hello world", "model": "tts-1", "response_format": "mp3", "speed": 1.5, "voice": "nova"}

    Number of calls: 0

    [0m [90m 252 |[39m       [36mawait[39m service[33m.[39mconvertTextToSpeech([32m'Hello world'[39m[33m,[39m [32m'nova'[39m[33m,[39m 
[35m1.5[39m)[33m;[39m
     [90m 253 |[39m
    [31m[1m>[22m[39m[90m 254 |[39m       expect(mockOpenAI[33m.[39maudio[33m.[39mspeech[33m.[39mcreate)[33m.[39mtoHaveBeenCalledWith({
     [90m     |[39m                                              [31m[1m^[22m[39m
     [90m 255 |[39m         model[33m:[39m [32m'tts-1'[39m[33m,[39m
     [90m 256 |[39m         voice[33m:[39m [32m'nova'[39m[33m,[39m
     [90m 257 |[39m         input[33m:[39m [32m'Hello world'[39m[33m,[39m[0m

      at Object.<anonymous> (src/test/voiceProcessingService.test.ts:254:46)

  ΓùÅ VoiceProcessingService ΓÇ║ convertTextToSpeech ΓÇ║ should reject empty text input

    expect(received).rejects.toMatchObject()

    Matcher error: received value must be a promise or a function returning a promise

    Received has value: undefined

    [0m [90m 264 |[39m       [36mawait[39m expect(service[33m.[39mconvertTextToSpeech([32m''[39m))
     [90m 265 |[39m         [33m.[39mrejects
    [31m[1m>[22m[39m[90m 266 |[39m         [33m.[39mtoMatchObject({
     [90m     |[39m          [31m[1m^[22m[39m
     [90m 267 |[39m           error[33m:[39m {
     [90m 268 |[39m             code[33m:[39m [33mERROR_CODES[39m[33m.[39m[33mINVALID_INPUT[39m[33m,[39m
     [90m 269 |[39m             message[33m:[39m [32m'Text input is required for speech synthesis.'[39m[0m

      at Object.toMatchObject (node_modules/expect/build/index.js:204:13)
      at Object.<anonymous> (src/test/voiceProcessingService.test.ts:266:10)

  ΓùÅ VoiceProcessingService ΓÇ║ convertTextToSpeech ΓÇ║ should reject text that is too long

    expect(received).rejects.toMatchObject()

    Matcher error: received value must be a promise or a function returning a promise

    Received has value: undefined

    [0m [90m 277 |[39m       [36mawait[39m expect(service[33m.[39mconvertTextToSpeech(longText))
     [90m 278 |[39m         [33m.[39mrejects
    [31m[1m>[22m[39m[90m 279 |[39m         [33m.[39mtoMatchObject({
     [90m     |[39m          [31m[1m^[22m[39m
     [90m 280 |[39m           error[33m:[39m {
     [90m 281 |[39m             code[33m:[39m [33mERROR_CODES[39m[33m.[39m[33mINVALID_INPUT[39m[33m,[39m
     [90m 282 |[39m             message[33m:[39m [32m'Text is too long. Maximum length is 4096 characters.'[39m[0m

      at Object.toMatchObject (node_modules/expect/build/index.js:204:13)
      at Object.<anonymous> (src/test/voiceProcessingService.test.ts:279:10)

  ΓùÅ VoiceProcessingService ΓÇ║ convertTextToSpeech ΓÇ║ should reject invalid speed values

    expect(received).rejects.toMatchObject()

    Matcher error: received value must be a promise or a function returning a promise

    Received has value: undefined

    [0m [90m 288 |[39m       [36mawait[39m expect(service[33m.[39mconvertTextToSpeech([32m'Hello'[39m[33m,[39m [32m'alloy'[39m[33m,[39m 
[35m0.1[39m))
     [90m 289 |[39m         [33m.[39mrejects
    [31m[1m>[22m[39m[90m 290 |[39m         [33m.[39mtoMatchObject({
     [90m     |[39m          [31m[1m^[22m[39m
     [90m 291 |[39m           error[33m:[39m {
     [90m 292 |[39m             code[33m:[39m [33mERROR_CODES[39m[33m.[39m[33mINVALID_INPUT[39m[33m,[39m
     [90m 293 |[39m             message[33m:[39m [32m'Speed must be between 0.25 and 4.0.'[39m[0m

      at Object.toMatchObject (node_modules/expect/build/index.js:204:13)
      at Object.<anonymous> (src/test/voiceProcessingService.test.ts:290:10)

  ΓùÅ VoiceProcessingService ΓÇ║ convertTextToSpeech ΓÇ║ should handle rate limit errors

    expect(received).rejects.toMatchObject()

    Matcher error: received value must be a promise or a function returning a promise

    Received has value: undefined

    [0m [90m 311 |[39m       [36mawait[39m expect(service[33m.[39mconvertTextToSpeech([32m'Hello world'[39m))
     [90m 312 |[39m         [33m.[39mrejects
    [31m[1m>[22m[39m[90m 313 |[39m         [33m.[39mtoMatchObject({
     [90m     |[39m          [31m[1m^[22m[39m
     [90m 314 |[39m           error[33m:[39m {
     [90m 315 |[39m             code[33m:[39m [33mERROR_CODES[39m[33m.[39m[33mRATE_LIMIT_EXCEEDED[39m[33m,[39m
     [90m 316 |[39m             message[33m:[39m [32m'Text-to-speech service rate limit exceeded. Please try again later.'[39m[0m

      at Object.toMatchObject (node_modules/expect/build/index.js:204:13)
      at Object.<anonymous> (src/test/voiceProcessingService.test.ts:313:10)

  ΓùÅ VoiceProcessingService ΓÇ║ convertTextToSpeech ΓÇ║ should handle invalid voice errors

    expect(received).rejects.toMatchObject()

    Matcher error: received value must be a promise or a function returning a promise

    Received has value: undefined

    [0m [90m 325 |[39m       [36mawait[39m expect(service[33m.[39mconvertTextToSpeech([32m'Hello world'[39m))
     [90m 326 |[39m         [33m.[39mrejects
    [31m[1m>[22m[39m[90m 327 |[39m         [33m.[39mtoMatchObject({
     [90m     |[39m          [31m[1m^[22m[39m
     [90m 328 |[39m           error[33m:[39m {
     [90m 329 |[39m             code[33m:[39m [33mERROR_CODES[39m[33m.[39m[33mINVALID_INPUT[39m[33m,[39m
     [90m 330 |[39m             message[33m:[39m [32m'Invalid voice selection. Please use alloy, echo, fable, onyx, nova, or shimmer.'[39m[0m

      at Object.toMatchObject (node_modules/expect/build/index.js:204:13)
      at Object.<anonymous> (src/test/voiceProcessingService.test.ts:327:10)

  ΓùÅ VoiceProcessingService ΓÇ║ convertTextToSpeech ΓÇ║ should handle content policy violations

    expect(received).rejects.toMatchObject()

    Matcher error: received value must be a promise or a function returning a promise

    Received has value: undefined

    [0m [90m 339 |[39m       [36mawait[39m expect(service[33m.[39mconvertTextToSpeech([32m'Hello world'[39m))
     [90m 340 |[39m         [33m.[39mrejects
    [31m[1m>[22m[39m[90m 341 |[39m         [33m.[39mtoMatchObject({
     [90m     |[39m          [31m[1m^[22m[39m
     [90m 342 |[39m           error[33m:[39m {
     [90m 343 |[39m             code[33m:[39m [33mERROR_CODES[39m[33m.[39m[33mINAPPROPRIATE_CONTENT[39m[33m,[39m
     [90m 344 |[39m             message[33m:[39m [32m'Text content violates content policy. Please modify your message.'[39m[0m

      at Object.toMatchObject (node_modules/expect/build/index.js:204:13)
      at Object.<anonymous> (src/test/voiceProcessingService.test.ts:341:10)

  ΓùÅ VoiceProcessingService ΓÇ║ convertTextToSpeech ΓÇ║ should handle generic TTS errors

    expect(received).rejects.toMatchObject()

    Matcher error: received value must be a promise or a function returning a promise

    Received has value: undefined

    [0m [90m 353 |[39m       [36mawait[39m expect(service[33m.[39mconvertTextToSpeech([32m'Hello world'[39m))
     [90m 354 |[39m         [33m.[39mrejects
    [31m[1m>[22m[39m[90m 355 |[39m         [33m.[39mtoMatchObject({
     [90m     |[39m          [31m[1m^[22m[39m
     [90m 356 |[39m           error[33m:[39m {
     [90m 357 |[39m             code[33m:[39m [33mERROR_CODES[39m[33m.[39m[33mAUDIO_PROCESSING_FAILED[39m[33m,[39m
     [90m 358 |[39m             message[33m:[39m [32m'Failed to convert text to speech. Please try again.'[39m[0m

      at Object.toMatchObject (node_modules/expect/build/index.js:204:13)
      at Object.<anonymous> (src/test/voiceProcessingService.test.ts:355:10)

  ΓùÅ VoiceProcessingService ΓÇ║ convertTextToSpeech ΓÇ║ should use cache for repeated requests

    expect(jest.fn()).toHaveBeenCalledTimes(expected)

    Expected number of calls: 1
    Received number of calls: 0

    [0m [90m 369 |[39m       [90m// First call[39m
     [90m 370 |[39m       [36mconst[39m result1 [33m=[39m [36mawait[39m service[33m.[39mconvertTextToSpeech([32m'Hello world'[39m)[33m;[39m
    [31m[1m>[22m[39m[90m 371 |[39m       
expect(mockOpenAI[33m.[39maudio[33m.[39mspeech[33m.[39mcreate)[33m.[39mtoHaveBeenCalledTimes([35m1[39m)[33m;[39m
     [90m     |[39m                                              [31m[1m^[22m[39m
     [90m 372 |[39m
     [90m 373 |[39m       [90m// Second call should use cache[39m
     [90m 374 |[39m       [36mconst[39m result2 [33m=[39m [36mawait[39m service[33m.[39mconvertTextToSpeech([32m'Hello 
world'[39m)[33m;[39m[0m

      at Object.<anonymous> (src/test/voiceProcessingService.test.ts:371:46)

  ΓùÅ VoiceProcessingService ΓÇ║ cache management ΓÇ║ should clear TTS cache

    TypeError: Cannot read properties of undefined (reading 'size')

    [0m [90m 391 |[39m       service[33m.[39mclearTTSCache()[33m;[39m
     [90m 392 |[39m       [36mconst[39m stats [33m=[39m service[33m.[39mgetCacheStats()[33m;[39m
    [31m[1m>[22m[39m[90m 393 |[39m       expect(stats[33m.[39msize)[33m.[39mtoBe([35m0[39m)[33m;[39m
     [90m     |[39m                    [31m[1m^[22m[39m
     [90m 394 |[39m     })[33m;[39m
     [90m 395 |[39m
     [90m 396 |[39m     it([32m'should provide cache statistics'[39m[33m,[39m [36masync[39m () [33m=>[39m {[0m

      at Object.<anonymous> (src/test/voiceProcessingService.test.ts:393:20)

  ΓùÅ VoiceProcessingService ΓÇ║ cache management ΓÇ║ should provide cache statistics

    TypeError: Cannot read properties of undefined (reading 'size')

    [0m [90m 403 |[39m       
     [90m 404 |[39m       [36mconst[39m stats [33m=[39m service[33m.[39mgetCacheStats()[33m;[39m
    [31m[1m>[22m[39m[90m 405 |[39m       expect(stats[33m.[39msize)[33m.[39mtoBe([35m1[39m)[33m;[39m
     [90m     |[39m                    [31m[1m^[22m[39m
     [90m 406 |[39m       expect(stats[33m.[39mkeys)[33m.[39mtoHaveLength([35m1[39m)[33m;[39m
     [90m 407 |[39m       expect(stats[33m.[39mkeys[[35m0[39m])[33m.[39mtoContain([32m'Test message'[39m)[33m;[39m
     [90m 408 |[39m     })[33m;[39m[0m

      at Object.<anonymous> (src/test/voiceProcessingService.test.ts:405:20)

  ΓùÅ VoiceProcessingService ΓÇ║ getContentType (private method behavior) ΓÇ║ should handle different file extensions correctly

    expect(jest.fn()).toHaveBeenCalled()

    Expected number of calls: >= 1
    Received number of calls:    0

    [0m [90m 423 |[39m       [36mfor[39m ([36mconst[39m testCase [36mof[39m testCases) {
     [90m 424 |[39m         [36mawait[39m service[33m.[39mprocessAudioInput([33mBuffer[39m[33m.[39m[36mfrom[39m([32m'test'[39m)[33m,[39m 
testCase[33m.[39mfilename)[33m;[39m
    [31m[1m>[22m[39m[90m 425 |[39m         
expect(mockOpenAI[33m.[39maudio[33m.[39mtranscriptions[33m.[39mcreate)[33m.[39mtoHaveBeenCalled()[33m;[39m
     [90m     |[39m                                                        [31m[1m^[22m[39m
     [90m 426 |[39m       }
     [90m 427 |[39m     })[33m;[39m
     [90m 428 |[39m   })[33m;[39m[0m

      at Object.<anonymous> (src/test/voiceProcessingService.test.ts:425:56)

FAIL src/test/cdnService.test.ts
  ΓùÅ CDNService ΓÇ║ Asset URL Generation ΓÇ║ should return original path when CDN is disabled

    TypeError: cdnService.getAssetUrl is not a function

    [0m [90m 22 |[39m     it([32m'should return original path when CDN is disabled'[39m[33m,[39m () [33m=>[39m {
     [90m 23 |[39m       [36mconst[39m assetPath [33m=[39m [32m'/static/js/main.js'[39m[33m;[39m
    [31m[1m>[22m[39m[90m 24 |[39m       [36mconst[39m result [33m=[39m cdnService[33m.[39mgetAssetUrl(assetPath)[33m;[39m
     [90m    |[39m                                 [31m[1m^[22m[39m
     [90m 25 |[39m
     [90m 26 |[39m       expect(result)[33m.[39mtoBe(assetPath)[33m;[39m
     [90m 27 |[39m     })[33m;[39m[0m

      at Object.<anonymous> (src/test/cdnService.test.ts:24:33)

  ΓùÅ CDNService ΓÇ║ Asset URL Generation ΓÇ║ should generate CDN URL when enabled

    TypeError: cdnService.getAssetUrl is not a function

    [0m [90m 35 |[39m
     [90m 36 |[39m       [36mconst[39m assetPath [33m=[39m [32m'/static/js/main.js'[39m[33m;[39m
    [31m[1m>[22m[39m[90m 37 |[39m       [36mconst[39m result [33m=[39m cdnService[33m.[39mgetAssetUrl(assetPath)[33m;[39m
     [90m    |[39m                                 [31m[1m^[22m[39m
     [90m 38 |[39m
     [90m 39 |[39m       expect(result)[33m.[39mtoBe([32m'https://cdn.example.com/static/js/main.js?v=1.2.3'[39m)[33m;[39m
     [90m 40 |[39m     })[33m;[39m[0m

      at Object.<anonymous> (src/test/cdnService.test.ts:37:33)

  ΓùÅ CDNService ΓÇ║ Asset URL Generation ΓÇ║ should handle paths without leading slash

    TypeError: cdnService.getAssetUrl is not a function

    [0m [90m 48 |[39m
     [90m 49 |[39m       [36mconst[39m assetPath [33m=[39m [32m'static/js/main.js'[39m[33m;[39m
    [31m[1m>[22m[39m[90m 50 |[39m       [36mconst[39m result [33m=[39m cdnService[33m.[39mgetAssetUrl(assetPath)[33m;[39m
     [90m    |[39m                                 [31m[1m^[22m[39m
     [90m 51 |[39m
     [90m 52 |[39m       expect(result)[33m.[39mtoBe([32m'https://cdn.example.com/static/js/main.js?v=1.2.3'[39m)[33m;[39m
     [90m 53 |[39m     })[33m;[39m[0m

      at Object.<anonymous> (src/test/cdnService.test.ts:50:33)

  ΓùÅ CDNService ΓÇ║ Asset URL Generation ΓÇ║ should handle paths with existing query parameters

    TypeError: cdnService.getAssetUrl is not a function

    [0m [90m 61 |[39m
     [90m 62 |[39m       [36mconst[39m assetPath [33m=[39m [32m'/static/js/main.js?param=value'[39m[33m;[39m
    [31m[1m>[22m[39m[90m 63 |[39m       [36mconst[39m result [33m=[39m cdnService[33m.[39mgetAssetUrl(assetPath)[33m;[39m
     [90m    |[39m                                 [31m[1m^[22m[39m
     [90m 64 |[39m
     [90m 65 |[39m       expect(result)[33m.[39mtoBe([32m'https://cdn.example.com/static/js/main.js?param=value&v=1.2.3'[39m)[33m;[39m
     [90m 66 |[39m     })[33m;[39m[0m

      at Object.<anonymous> (src/test/cdnService.test.ts:63:33)

  ΓùÅ CDNService ΓÇ║ Cache Headers ΓÇ║ should return appropriate headers for JavaScript files

    TypeError: cdnService.getCacheHeaders is not a function

    [0m [90m 69 |[39m   describe([32m'Cache Headers'[39m[33m,[39m () [33m=>[39m {
     [90m 70 |[39m     it([32m'should return appropriate headers for JavaScript files'[39m[33m,[39m () [33m=>[39m {
    [31m[1m>[22m[39m[90m 71 |[39m       [36mconst[39m headers [33m=[39m cdnService[33m.[39mgetCacheHeaders([32m'js'[39m)[33m;[39m
     [90m    |[39m                                  [31m[1m^[22m[39m
     [90m 72 |[39m
     [90m 73 |[39m       expect(headers[[32m'Cache-Control'[39m])[33m.[39mtoBe([32m'public, max-age=31536000, immutable'[39m)[33m;[39m
     [90m 74 |[39m       expect(headers[[32m'Content-Encoding'[39m])[33m.[39mtoBe([32m'gzip'[39m)[33m;[39m[0m

      at Object.<anonymous> (src/test/cdnService.test.ts:71:34)

  ΓùÅ CDNService ΓÇ║ Cache Headers ΓÇ║ should return appropriate headers for CSS files

    TypeError: cdnService.getCacheHeaders is not a function

    [0m [90m 76 |[39m
     [90m 77 |[39m     it([32m'should return appropriate headers for CSS files'[39m[33m,[39m () [33m=>[39m {
    [31m[1m>[22m[39m[90m 78 |[39m       [36mconst[39m headers [33m=[39m cdnService[33m.[39mgetCacheHeaders([32m'css'[39m)[33m;[39m
     [90m    |[39m                                  [31m[1m^[22m[39m
     [90m 79 |[39m
     [90m 80 |[39m       expect(headers[[32m'Cache-Control'[39m])[33m.[39mtoBe([32m'public, max-age=31536000, immutable'[39m)[33m;[39m
     [90m 81 |[39m       expect(headers[[32m'Content-Encoding'[39m])[33m.[39mtoBe([32m'gzip'[39m)[33m;[39m[0m

      at Object.<anonymous> (src/test/cdnService.test.ts:78:34)

  ΓùÅ CDNService ΓÇ║ Cache Headers ΓÇ║ should return appropriate headers for images

    TypeError: cdnService.getCacheHeaders is not a function

    [0m [90m 83 |[39m
     [90m 84 |[39m     it([32m'should return appropriate headers for images'[39m[33m,[39m () [33m=>[39m {
    [31m[1m>[22m[39m[90m 85 |[39m       [36mconst[39m headers [33m=[39m cdnService[33m.[39mgetCacheHeaders([32m'image'[39m)[33m;[39m
     [90m    |[39m                                  [31m[1m^[22m[39m
     [90m 86 |[39m
     [90m 87 |[39m       expect(headers[[32m'Cache-Control'[39m])[33m.[39mtoBe([32m'public, max-age=2592000'[39m)[33m;[39m
     [90m 88 |[39m       expect(headers[[32m'Vary'[39m])[33m.[39mtoBe([32m'Accept-Encoding'[39m)[33m;[39m[0m

      at Object.<anonymous> (src/test/cdnService.test.ts:85:34)

  ΓùÅ CDNService ΓÇ║ Cache Headers ΓÇ║ should return appropriate headers for fonts

    TypeError: cdnService.getCacheHeaders is not a function

    [0m [90m 90 |[39m
     [90m 91 |[39m     it([32m'should return appropriate headers for fonts'[39m[33m,[39m () [33m=>[39m {
    [31m[1m>[22m[39m[90m 92 |[39m       [36mconst[39m headers [33m=[39m cdnService[33m.[39mgetCacheHeaders([32m'font'[39m)[33m;[39m
     [90m    |[39m                                  [31m[1m^[22m[39m
     [90m 93 |[39m
     [90m 94 |[39m       expect(headers[[32m'Cache-Control'[39m])[33m.[39mtoBe([32m'public, max-age=31536000, immutable'[39m)[33m;[39m
     [90m 95 |[39m       expect(headers[[32m'Access-Control-Allow-Origin'[39m])[33m.[39mtoBe([32m'*'[39m)[33m;[39m[0m

      at Object.<anonymous> (src/test/cdnService.test.ts:92:34)

  ΓùÅ CDNService ΓÇ║ Cache Headers ΓÇ║ should return appropriate headers for audio files

    TypeError: cdnService.getCacheHeaders is not a function

    [0m [90m  97 |[39m
     [90m  98 |[39m     it([32m'should return appropriate headers for audio files'[39m[33m,[39m () [33m=>[39m {
    [31m[1m>[22m[39m[90m  99 |[39m       [36mconst[39m headers [33m=[39m cdnService[33m.[39mgetCacheHeaders([32m'audio'[39m)[33m;[39m
     [90m     |[39m                                  [31m[1m^[22m[39m
     [90m 100 |[39m
     [90m 101 |[39m       expect(headers[[32m'Cache-Control'[39m])[33m.[39mtoBe([32m'public, max-age=86400'[39m)[33m;[39m
     [90m 102 |[39m       expect(headers[[32m'Accept-Ranges'[39m])[33m.[39mtoBe([32m'bytes'[39m)[33m;[39m[0m

      at Object.<anonymous> (src/test/cdnService.test.ts:99:34)

  ΓùÅ CDNService ΓÇ║ Cache Headers ΓÇ║ should return short cache for HTML files

    TypeError: cdnService.getCacheHeaders is not a function

    [0m [90m 104 |[39m
     [90m 105 |[39m     it([32m'should return short cache for HTML files'[39m[33m,[39m () [33m=>[39m {
    [31m[1m>[22m[39m[90m 106 |[39m       [36mconst[39m headers [33m=[39m cdnService[33m.[39mgetCacheHeaders([32m'html'[39m)[33m;[39m
     [90m     |[39m                                  [31m[1m^[22m[39m
     [90m 107 |[39m
     [90m 108 |[39m       expect(headers[[32m'Cache-Control'[39m])[33m.[39mtoBe([32m'public, max-age=300'[39m)[33m;[39m
     [90m 109 |[39m     })[33m;[39m[0m

      at Object.<anonymous> (src/test/cdnService.test.ts:106:34)

  ΓùÅ CDNService ΓÇ║ ETag Generation ΓÇ║ should generate consistent ETag for same content

    TypeError: cdnService.generateETag is not a function

    [0m [90m 113 |[39m     it([32m'should generate consistent ETag for same content'[39m[33m,[39m () [33m=>[39m {
     [90m 114 |[39m       [36mconst[39m content [33m=[39m [32m'test content'[39m[33m;[39m
    [31m[1m>[22m[39m[90m 115 |[39m       [36mconst[39m etag1 [33m=[39m cdnService[33m.[39mgenerateETag(content)[33m;[39m
     [90m     |[39m                                [31m[1m^[22m[39m
     [90m 116 |[39m       [36mconst[39m etag2 [33m=[39m cdnService[33m.[39mgenerateETag(content)[33m;[39m
     [90m 117 |[39m
     [90m 118 |[39m       expect(etag1)[33m.[39mtoBe(etag2)[33m;[39m[0m

      at Object.<anonymous> (src/test/cdnService.test.ts:115:32)

  ΓùÅ CDNService ΓÇ║ ETag Generation ΓÇ║ should generate different ETags for different content

    TypeError: cdnService.generateETag is not a function

    [0m [90m 123 |[39m       [36mconst[39m content1 [33m=[39m [32m'test content 1'[39m[33m;[39m
     [90m 124 |[39m       [36mconst[39m content2 [33m=[39m [32m'test content 2'[39m[33m;[39m
    [31m[1m>[22m[39m[90m 125 |[39m       [36mconst[39m etag1 [33m=[39m cdnService[33m.[39mgenerateETag(content1)[33m;[39m
     [90m     |[39m                                [31m[1m^[22m[39m
     [90m 126 |[39m       [36mconst[39m etag2 [33m=[39m cdnService[33m.[39mgenerateETag(content2)[33m;[39m
     [90m 127 |[39m
     [90m 128 |[39m       expect(etag1)[33m.[39mnot[33m.[39mtoBe(etag2)[33m;[39m[0m

      at Object.<anonymous> (src/test/cdnService.test.ts:125:32)

  ΓùÅ CDNService ΓÇ║ ETag Generation ΓÇ║ should handle Buffer content

    TypeError: cdnService.generateETag is not a function

    [0m [90m 131 |[39m     it([32m'should handle Buffer content'[39m[33m,[39m () [33m=>[39m {
     [90m 132 |[39m       [36mconst[39m buffer [33m=[39m [33mBuffer[39m[33m.[39m[36mfrom[39m([32m'test content'[39m)[33m;[39m
    [31m[1m>[22m[39m[90m 133 |[39m       [36mconst[39m etag [33m=[39m cdnService[33m.[39mgenerateETag(buffer)[33m;[39m
     [90m     |[39m                               [31m[1m^[22m[39m
     [90m 134 |[39m
     [90m 135 |[39m       expect(etag)[33m.[39mtoMatch([35m/^"[a-f0-9]{32}"$/[39m)[33m;[39m
     [90m 136 |[39m     })[33m;[39m[0m

      at Object.<anonymous> (src/test/cdnService.test.ts:133:31)

  ΓùÅ CDNService ΓÇ║ CDN Usage Decision ΓÇ║ should use CDN for static assets

    TypeError: cdnService.shouldUseCDN is not a function

    [0m [90m 153 |[39m
     [90m 154 |[39m       staticPaths[33m.[39mforEach(path [33m=>[39m {
    [31m[1m>[22m[39m[90m 155 |[39m         expect(cdnService[33m.[39mshouldUseCDN(path))[33m.[39mtoBe([36mtrue[39m)[33m;[39m
     [90m     |[39m                           [31m[1m^[22m[39m
     [90m 156 |[39m       })[33m;[39m
     [90m 157 |[39m     })[33m;[39m
     [90m 158 |[39m[0m

      at src/test/cdnService.test.ts:155:27
          at Array.forEach (<anonymous>)
      at Object.<anonymous> (src/test/cdnService.test.ts:154:19)

  ΓùÅ CDNService ΓÇ║ CDN Usage Decision ΓÇ║ should not use CDN for API endpoints

    TypeError: cdnService.shouldUseCDN is not a function

    [0m [90m 165 |[39m
     [90m 166 |[39m       apiPaths[33m.[39mforEach(path [33m=>[39m {
    [31m[1m>[22m[39m[90m 167 |[39m         expect(cdnService[33m.[39mshouldUseCDN(path))[33m.[39mtoBe([36mfalse[39m)[33m;[39m
     [90m     |[39m                           [31m[1m^[22m[39m
     [90m 168 |[39m       })[33m;[39m
     [90m 169 |[39m     })[33m;[39m
     [90m 170 |[39m[0m

      at src/test/cdnService.test.ts:167:27
          at Array.forEach (<anonymous>)
      at Object.<anonymous> (src/test/cdnService.test.ts:166:16)

  ΓùÅ CDNService ΓÇ║ CDN Usage Decision ΓÇ║ should not use CDN for WebSocket connections

    TypeError: cdnService.shouldUseCDN is not a function

    [0m [90m 176 |[39m
     [90m 177 |[39m       socketPaths[33m.[39mforEach(path [33m=>[39m {
    [31m[1m>[22m[39m[90m 178 |[39m         expect(cdnService[33m.[39mshouldUseCDN(path))[33m.[39mtoBe([36mfalse[39m)[33m;[39m
     [90m     |[39m                           [31m[1m^[22m[39m
     [90m 179 |[39m       })[33m;[39m
     [90m 180 |[39m     })[33m;[39m
     [90m 181 |[39m[0m

      at src/test/cdnService.test.ts:178:27
          at Array.forEach (<anonymous>)
      at Object.<anonymous> (src/test/cdnService.test.ts:177:19)

  ΓùÅ CDNService ΓÇ║ CDN Usage Decision ΓÇ║ should not use CDN when disabled

    TypeError: cdnService.shouldUseCDN is not a function

    [0m [90m 184 |[39m       cdnService [33m=[39m [36mnew[39m [33mCDNService[39m()[33m;[39m
     [90m 185 |[39m
    [31m[1m>[22m[39m[90m 186 |[39m       
expect(cdnService[33m.[39mshouldUseCDN([32m'/static/js/main.js'[39m))[33m.[39mtoBe([36mfalse[39m)[33m;[39m
     [90m     |[39m                         [31m[1m^[22m[39m
     [90m 187 |[39m     })[33m;[39m
     [90m 188 |[39m   })[33m;[39m
     [90m 189 |[39m[0m

      at Object.<anonymous> (src/test/cdnService.test.ts:186:25)

  ΓùÅ CDNService ΓÇ║ Frontend Configuration ΓÇ║ should return frontend config when CDN is enabled

    TypeError: cdnService.getFrontendConfig is not a function

    [0m [90m 196 |[39m       cdnService [33m=[39m [36mnew[39m [33mCDNService[39m()[33m;[39m
     [90m 197 |[39m
    [31m[1m>[22m[39m[90m 198 |[39m       [36mconst[39m config [33m=[39m cdnService[33m.[39mgetFrontendConfig()[33m;[39m
     [90m     |[39m                                 [31m[1m^[22m[39m
     [90m 199 |[39m
     [90m 200 |[39m       expect(config)[33m.[39mtoEqual({
     [90m 201 |[39m         enabled[33m:[39m [36mtrue[39m[33m,[39m[0m

      at Object.<anonymous> (src/test/cdnService.test.ts:198:33)

  ΓùÅ CDNService ΓÇ║ Frontend Configuration ΓÇ║ should return disabled config when CDN is disabled

    TypeError: cdnService.getFrontendConfig is not a function

    [0m [90m 206 |[39m
     [90m 207 |[39m     it([32m'should return disabled config when CDN is disabled'[39m[33m,[39m () [33m=>[39m {
    [31m[1m>[22m[39m[90m 208 |[39m       [36mconst[39m config [33m=[39m cdnService[33m.[39mgetFrontendConfig()[33m;[39m
     [90m     |[39m                                 [31m[1m^[22m[39m
     [90m 209 |[39m
     [90m 210 |[39m       expect(config[33m.[39menabled)[33m.[39mtoBe([36mfalse[39m)[33m;[39m
     [90m 211 |[39m       expect(config[33m.[39mbaseUrl)[33m.[39mtoBe([32m''[39m)[33m;[39m[0m

      at Object.<anonymous> (src/test/cdnService.test.ts:208:33)

  ΓùÅ CDNService ΓÇ║ Cache Middleware ΓÇ║ should create middleware function

    TypeError: cdnService.cacheMiddleware is not a function

    [0m [90m 215 |[39m   describe([32m'Cache Middleware'[39m[33m,[39m () [33m=>[39m {
     [90m 216 |[39m     it([32m'should create middleware function'[39m[33m,[39m () [33m=>[39m {
    [31m[1m>[22m[39m[90m 217 |[39m       [36mconst[39m middleware [33m=[39m cdnService[33m.[39mcacheMiddleware()[33m;[39m
     [90m     |[39m                                     [31m[1m^[22m[39m
     [90m 218 |[39m
     [90m 219 |[39m       expect([36mtypeof[39m middleware)[33m.[39mtoBe([32m'function'[39m)[33m;[39m
     [90m 220 |[39m       expect(middleware[33m.[39mlength)[33m.[39mtoBe([35m3[39m)[33m;[39m [90m// req, res, next[39m[0m

      at Object.<anonymous> (src/test/cdnService.test.ts:217:37)

  ΓùÅ CDNService ΓÇ║ Cache Middleware ΓÇ║ should set appropriate headers in middleware

    TypeError: cdnService.cacheMiddleware is not a function

    [0m [90m 222 |[39m
     [90m 223 |[39m     it([32m'should set appropriate headers in middleware'[39m[33m,[39m () [33m=>[39m {
    [31m[1m>[22m[39m[90m 224 |[39m       [36mconst[39m middleware [33m=[39m cdnService[33m.[39mcacheMiddleware()[33m;[39m
     [90m     |[39m                                     [31m[1m^[22m[39m
     [90m 225 |[39m       [36mconst[39m mockReq [33m=[39m { path[33m:[39m [32m'/static/js/main.js'[39m }[33m;[39m
     [90m 226 |[39m       [36mconst[39m mockRes [33m=[39m {
     [90m 227 |[39m         setHeader[33m:[39m jest[33m.[39mfn()[33m,[39m[0m

      at Object.<anonymous> (src/test/cdnService.test.ts:224:37)

  ΓùÅ CDNService ΓÇ║ Statistics ΓÇ║ should return CDN statistics

    TypeError: cdnService.getStats is not a function

    [0m [90m 245 |[39m       cdnService [33m=[39m [36mnew[39m [33mCDNService[39m()[33m;[39m
     [90m 246 |[39m
    [31m[1m>[22m[39m[90m 247 |[39m       [36mconst[39m stats [33m=[39m cdnService[33m.[39mgetStats()[33m;[39m
     [90m     |[39m                                [31m[1m^[22m[39m
     [90m 248 |[39m
     [90m 249 |[39m       expect(stats)[33m.[39mtoEqual({
     [90m 250 |[39m         enabled[33m:[39m [36mtrue[39m[33m,[39m[0m

      at Object.<anonymous> (src/test/cdnService.test.ts:247:32)

  ΓùÅ CDNService ΓÇ║ CDN Cache Purging ΓÇ║ should return false when CDN is disabled

    TypeError: cdnService.purgeCDNCache is not a function

    [0m [90m 263 |[39m   describe([32m'CDN Cache Purging'[39m[33m,[39m () [33m=>[39m {
     [90m 264 |[39m     it([32m'should return false when CDN is disabled'[39m[33m,[39m [36masync[39m () [33m=>[39m {
    [31m[1m>[22m[39m[90m 265 |[39m       [36mconst[39m result [33m=[39m [36mawait[39m cdnService[33m.[39mpurgeCDNCache()[33m;[39m
     [90m     |[39m                                       [31m[1m^[22m[39m
     [90m 266 |[39m
     [90m 267 |[39m       expect(result)[33m.[39mtoBe([36mfalse[39m)[33m;[39m
     [90m 268 |[39m     })[33m;[39m[0m

      at Object.<anonymous> (src/test/cdnService.test.ts:265:39)

  ΓùÅ CDNService ΓÇ║ CDN Cache Purging ΓÇ║ should return true when CDN is enabled (placeholder)

    TypeError: cdnService.purgeCDNCache is not a function

    [0m [90m 272 |[39m       cdnService [33m=[39m [36mnew[39m [33mCDNService[39m()[33m;[39m
     [90m 273 |[39m
    [31m[1m>[22m[39m[90m 274 |[39m       [36mconst[39m result [33m=[39m [36mawait[39m 
cdnService[33m.[39mpurgeCDNCache([[32m'/static/js/main.js'[39m])[33m;[39m
     [90m     |[39m                                       [31m[1m^[22m[39m
     [90m 275 |[39m
     [90m 276 |[39m       expect(result)[33m.[39mtoBe([36mtrue[39m)[33m;[39m
     [90m 277 |[39m     })[33m;[39m[0m

      at Object.<anonymous> (src/test/cdnService.test.ts:274:39)

  ΓùÅ CDNService ΓÇ║ CDN Cache Purging ΓÇ║ should handle purge errors gracefully

    TypeError: cdnService.purgeCDNCache is not a function

    [0m [90m 285 |[39m       console[33m.[39merror [33m=[39m jest[33m.[39mfn()[33m;[39m
     [90m 286 |[39m
    [31m[1m>[22m[39m[90m 287 |[39m       [36mconst[39m result [33m=[39m [36mawait[39m cdnService[33m.[39mpurgeCDNCache()[33m;[39m
     [90m     |[39m                                       [31m[1m^[22m[39m
     [90m 288 |[39m
     [90m 289 |[39m       expect(result)[33m.[39mtoBe([36mtrue[39m)[33m;[39m [90m// Placeholder always returns true[39m
     [90m 290 |[39m       console[33m.[39merror [33m=[39m originalConsoleError[33m;[39m[0m

      at Object.<anonymous> (src/test/cdnService.test.ts:287:39)

PASS src/test/rateLimitService.test.ts
PASS src/test/fallbackService.test.ts
PASS src/test/loggerService.test.ts
PASS src/test/conversationLoggingService.test.ts
PASS src/test/sessionManager.test.ts
PASS src/test/cacheService.test.ts
PASS src/test/websocketHandler.test.ts
FAIL src/test/voiceRoutes.integration.test.ts
  ΓùÅ Test suite failed to run

    [96msrc/services/healthCheckService.ts[0m:[93m110[0m:[93m20[0m - [91merror[0m[90m TS18046: [0m'result' is of type 'unknown'.

    [7m110[0m           version: result.version,
    [7m   [0m [91m                   ~~~~~~[0m
    [96msrc/services/healthCheckService.ts[0m:[93m111[0m:[93m19[0m - [91merror[0m[90m TS18046: [0m'result' is of type 'unknown'.

    [7m111[0m           uptime: result.uptime,
    [7m   [0m [91m                  ~~~~~~[0m
    [96msrc/services/healthCheckService.ts[0m:[93m112[0m:[93m19[0m - [91merror[0m[90m TS18046: [0m'result' is of type 'unknown'.

    [7m112[0m           memory: result.memory,
    [7m   [0m [91m                  ~~~~~~[0m
    [96msrc/services/healthCheckService.ts[0m:[93m113[0m:[93m16[0m - [91merror[0m[90m TS18046: [0m'result' is of type 'unknown'.

    [7m113[0m           cpu: result.cpu,
    [7m   [0m [91m               ~~~~~~[0m
    [96msrc/services/healthCheckService.ts[0m:[93m114[0m:[93m25[0m - [91merror[0m[90m TS18046: [0m'result' is of type 'unknown'.

    [7m114[0m           dependencies: result.dependencies,
    [7m   [0m [91m                        ~~~~~~[0m
    [96msrc/services/healthCheckService.ts[0m:[93m115[0m:[93m26[0m - [91merror[0m[90m TS18046: [0m'result' is of type 'unknown'.

    [7m115[0m           customMetrics: result.customMetrics
    [7m   [0m [91m                         ~~~~~~[0m

FAIL src/test/serviceDiscovery.test.ts
  ΓùÅ Test suite failed to run

    [96msrc/services/healthCheckService.ts[0m:[93m110[0m:[93m20[0m - [91merror[0m[90m TS18046: [0m'result' is of type 'unknown'.

    [7m110[0m           version: result.version,
    [7m   [0m [91m                   ~~~~~~[0m
    [96msrc/services/healthCheckService.ts[0m:[93m111[0m:[93m19[0m - [91merror[0m[90m TS18046: [0m'result' is of type 'unknown'.

    [7m111[0m           uptime: result.uptime,
    [7m   [0m [91m                  ~~~~~~[0m
    [96msrc/services/healthCheckService.ts[0m:[93m112[0m:[93m19[0m - [91merror[0m[90m TS18046: [0m'result' is of type 'unknown'.

    [7m112[0m           memory: result.memory,
    [7m   [0m [91m                  ~~~~~~[0m
    [96msrc/services/healthCheckService.ts[0m:[93m113[0m:[93m16[0m - [91merror[0m[90m TS18046: [0m'result' is of type 'unknown'.

    [7m113[0m           cpu: result.cpu,
    [7m   [0m [91m               ~~~~~~[0m
    [96msrc/services/healthCheckService.ts[0m:[93m114[0m:[93m25[0m - [91merror[0m[90m TS18046: [0m'result' is of type 'unknown'.

    [7m114[0m           dependencies: result.dependencies,
    [7m   [0m [91m                        ~~~~~~[0m
    [96msrc/services/healthCheckService.ts[0m:[93m115[0m:[93m26[0m - [91merror[0m[90m TS18046: [0m'result' is of type 'unknown'.

    [7m115[0m           customMetrics: result.customMetrics
    [7m   [0m [91m                         ~~~~~~[0m

Test Suites: 7 failed, 7 passed, 14 total
Tests:       134 failed, 131 passed, 265 total
Snapshots:   0 total
Time:        12.097 s
Ran all test suites.

Jest has detected the following 2 open handles potentially keeping Jest from exiting:

  ΓùÅ  Timeout

    [0m [90m 30 |[39m
     [90m 31 |[39m global[33m.[39msetInterval [33m=[39m ((callback[33m:[39m ([33m...[39margs[33m:[39m any[]) [33m=>[39m 
[36mvoid[39m[33m,[39m ms[33m?[39m[33m:[39m number[33m,[39m [33m...[39margs[33m:[39m any[]) [33m=>[39m {
    [31m[1m>[22m[39m[90m 32 |[39m   [36mconst[39m interval [33m=[39m originalSetInterval(callback[33m,[39m ms[33m,[39m 
[33m...[39margs)[33m;[39m
     [90m    |[39m                    [31m[1m^[22m[39m
     [90m 33 |[39m   activeIntervals[33m.[39madd(interval)[33m;[39m
     [90m 34 |[39m   [36mreturn[39m interval[33m;[39m
     [90m 35 |[39m }) [36mas[39m [36mtypeof[39m setInterval[33m;[39m[0m

      at src/test/setup.ts:32:20
      at ServiceDiscovery.startHealthChecking (src/services/serviceDiscovery.ts:184:32)
      at new ServiceDiscovery (src/services/serviceDiscovery.ts:39:10)
      at ServiceDiscovery.getInstance (src/services/serviceDiscovery.ts:44:35)
      at Object.<anonymous> (src/services/serviceDiscovery.ts:301:50)
      at Object.<anonymous> (src/services/serviceManager.ts:7:1)
      at Object.<anonymous> (src/index.ts:28:1)
      at Object.<anonymous> (src/test/voiceRoutes.integration.test.ts:7:1)


  ΓùÅ  Timeout

    [0m [90m 30 |[39m
     [90m 31 |[39m global[33m.[39msetInterval [33m=[39m ((callback[33m:[39m ([33m...[39margs[33m:[39m any[]) [33m=>[39m 
[36mvoid[39m[33m,[39m ms[33m?[39m[33m:[39m number[33m,[39m [33m...[39margs[33m:[39m any[]) [33m=>[39m {
    [31m[1m>[22m[39m[90m 32 |[39m   [36mconst[39m interval [33m=[39m originalSetInterval(callback[33m,[39m ms[33m,[39m 
[33m...[39margs)[33m;[39m
     [90m    |[39m                    [31m[1m^[22m[39m
     [90m 33 |[39m   activeIntervals[33m.[39madd(interval)[33m;[39m
     [90m 34 |[39m   [36mreturn[39m interval[33m;[39m
     [90m 35 |[39m }) [36mas[39m [36mtypeof[39m setInterval[33m;[39m[0m

      at src/test/setup.ts:32:20
      at ServiceDiscovery.startHealthChecking (src/services/serviceDiscovery.ts:184:32)
      at new ServiceDiscovery (src/services/serviceDiscovery.ts:39:10)
      at ServiceDiscovery.getInstance (src/services/serviceDiscovery.ts:44:35)
      at Object.<anonymous> (src/services/serviceDiscovery.ts:301:50)
      at Object.<anonymous> (src/test/serviceDiscovery.test.ts:15:1)

